Archive member included because of file (symbol)

../../ArduinoCore/Release//libArduinoCore.a(HardwareSerial.o)
                              ./main.o (HardwareSerial::begin(long))
../../ArduinoCore/Release//libArduinoCore.a(Print.o)
                              ../../ArduinoCore/Release//libArduinoCore.a(HardwareSerial.o) (Print::write(char const*))
../../ArduinoCore/Release//libArduinoCore.a(WString.o)
                              ../../ArduinoCore/Release//libArduinoCore.a(Print.o) (String::operator[](unsigned int) const)
../../ArduinoCore/Release//libArduinoCore.a(wiring.o)
                              ./main.o (init)
../../ArduinoCore/Release//libArduinoCore.a(wiring_digital.o)
                              ./main.o (pinMode)
../../ArduinoCore/Release//libArduinoCore.a(pins_arduino.o)
                              ../../ArduinoCore/Release//libArduinoCore.a(wiring_digital.o) (port_to_mode_PGM)
/usr/lib/gcc/avr/4.3.5/../../../avr/lib/avr5/libm.a(addsf3.o)
                              ../../ArduinoCore/Release//libArduinoCore.a(Print.o) (__subsf3)
/usr/lib/gcc/avr/4.3.5/../../../avr/lib/avr5/libm.a(addsf3x.o)
                              /usr/lib/gcc/avr/4.3.5/../../../avr/lib/avr5/libm.a(addsf3.o) (__addsf3x)
/usr/lib/gcc/avr/4.3.5/../../../avr/lib/avr5/libm.a(cmpsf2.o)
                              ../../ArduinoCore/Release//libArduinoCore.a(Print.o) (__ltsf2)
/usr/lib/gcc/avr/4.3.5/../../../avr/lib/avr5/libm.a(divsf3.o)
                              ../../ArduinoCore/Release//libArduinoCore.a(Print.o) (__divsf3)
/usr/lib/gcc/avr/4.3.5/../../../avr/lib/avr5/libm.a(divsf3x.o)
                              /usr/lib/gcc/avr/4.3.5/../../../avr/lib/avr5/libm.a(divsf3.o) (__divsf3x)
/usr/lib/gcc/avr/4.3.5/../../../avr/lib/avr5/libm.a(fixsfsi.o)
                              ../../ArduinoCore/Release//libArduinoCore.a(Print.o) (__fixsfsi)
/usr/lib/gcc/avr/4.3.5/../../../avr/lib/avr5/libm.a(fixunssfsi.o)
                              ../../ArduinoCore/Release//libArduinoCore.a(Print.o) (__fixunssfsi)
/usr/lib/gcc/avr/4.3.5/../../../avr/lib/avr5/libm.a(floatsisf.o)
                              ../../ArduinoCore/Release//libArduinoCore.a(Print.o) (__floatunsisf)
/usr/lib/gcc/avr/4.3.5/../../../avr/lib/avr5/libm.a(fp_cmp.o)
                              /usr/lib/gcc/avr/4.3.5/../../../avr/lib/avr5/libm.a(cmpsf2.o) (__fp_cmp)
/usr/lib/gcc/avr/4.3.5/../../../avr/lib/avr5/libm.a(fp_inf.o)
                              /usr/lib/gcc/avr/4.3.5/../../../avr/lib/avr5/libm.a(addsf3x.o) (__fp_inf)
/usr/lib/gcc/avr/4.3.5/../../../avr/lib/avr5/libm.a(fp_nan.o)
                              /usr/lib/gcc/avr/4.3.5/../../../avr/lib/avr5/libm.a(addsf3x.o) (__fp_nan)
/usr/lib/gcc/avr/4.3.5/../../../avr/lib/avr5/libm.a(fp_pscA.o)
                              /usr/lib/gcc/avr/4.3.5/../../../avr/lib/avr5/libm.a(addsf3x.o) (__fp_pscA)
/usr/lib/gcc/avr/4.3.5/../../../avr/lib/avr5/libm.a(fp_pscB.o)
                              /usr/lib/gcc/avr/4.3.5/../../../avr/lib/avr5/libm.a(addsf3x.o) (__fp_pscB)
/usr/lib/gcc/avr/4.3.5/../../../avr/lib/avr5/libm.a(fp_round.o)
                              /usr/lib/gcc/avr/4.3.5/../../../avr/lib/avr5/libm.a(addsf3.o) (__fp_round)
/usr/lib/gcc/avr/4.3.5/../../../avr/lib/avr5/libm.a(fp_split3.o)
                              /usr/lib/gcc/avr/4.3.5/../../../avr/lib/avr5/libm.a(addsf3x.o) (__fp_split3)
/usr/lib/gcc/avr/4.3.5/../../../avr/lib/avr5/libm.a(fp_zero.o)
                              /usr/lib/gcc/avr/4.3.5/../../../avr/lib/avr5/libm.a(addsf3x.o) (__fp_zero)
/usr/lib/gcc/avr/4.3.5/../../../avr/lib/avr5/libm.a(mulsf3.o)
                              ../../ArduinoCore/Release//libArduinoCore.a(Print.o) (__mulsf3)
/usr/lib/gcc/avr/4.3.5/../../../avr/lib/avr5/libm.a(mulsf3x.o)
                              /usr/lib/gcc/avr/4.3.5/../../../avr/lib/avr5/libm.a(mulsf3.o) (__mulsf3x)
/usr/lib/gcc/avr/4.3.5/avr5/libgcc.a(_udivmodsi4.o)
                              ../../ArduinoCore/Release//libArduinoCore.a(HardwareSerial.o) (__udivmodsi4)
/usr/lib/gcc/avr/4.3.5/avr5/libgcc.a(_exit.o)
                              /usr/lib/gcc/avr/4.3.5/../../../avr/lib/avr5/crtm328p.o (exit)
/usr/lib/gcc/avr/4.3.5/avr5/libgcc.a(_copy_data.o)
                              ./WindSense/ParseToStruct.o (__do_copy_data)
/usr/lib/gcc/avr/4.3.5/avr5/libgcc.a(_clear_bss.o)
                              ./main.o (__do_clear_bss)
/usr/lib/gcc/avr/4.3.5/avr5/libgcc.a(_ctors.o)
                              ./main.o (__do_global_ctors)
/usr/lib/gcc/avr/4.3.5/avr5/libgcc.a(_tablejump.o)
                              /usr/lib/gcc/avr/4.3.5/avr5/libgcc.a(_ctors.o) (__tablejump__)
/usr/lib/gcc/avr/4.3.5/../../../avr/lib/avr5/libc.a(malloc.o)
                              ../../ArduinoCore/Release//libArduinoCore.a(WString.o) (malloc)
/usr/lib/gcc/avr/4.3.5/../../../avr/lib/avr5/libc.a(realloc.o)
                              ../../ArduinoCore/Release//libArduinoCore.a(WString.o) (realloc)
[...]
Memory Configuration

Name             Origin             Length             Attributes
text             0x00000000         0x00020000         xr
data             0x00800060         0x0000ffa0         rw !x
eeprom           0x00810000         0x00010000         rw !x
fuse             0x00820000         0x00000400         rw !x
lock             0x00830000         0x00000400         rw !x
signature        0x00840000         0x00000400         rw !x
*default*        0x00000000         0xffffffff

Linker script and memory map

Address of section .data set to 0x800100
LOAD /usr/lib/gcc/avr/4.3.5/../../../avr/lib/avr5/crtm328p.o
LOAD ./WindSense/ParseToStruct.o
LOAD ./WindSense/WindSense.o
LOAD ./main.o
LOAD ../../ArduinoCore/Release//libArduinoCore.a
LOAD /usr/lib/gcc/avr/4.3.5/../../../avr/lib/avr5/libm.a
LOAD /usr/lib/gcc/avr/4.3.5/avr5/libgcc.a
LOAD /usr/lib/gcc/avr/4.3.5/../../../avr/lib/avr5/libm.a
LOAD /usr/lib/gcc/avr/4.3.5/avr5/libgcc.a
LOAD /usr/lib/gcc/avr/4.3.5/../../../avr/lib/avr5/libc.a
LOAD /usr/lib/gcc/avr/4.3.5/avr5/libgcc.a

.hash
 *(.hash)

.dynsym
 *(.dynsym)

.dynstr
 *(.dynstr)

.gnu.version
 *(.gnu.version)

.gnu.version_d
 *(.gnu.version_d)

.gnu.version_r
 *(.gnu.version_r)

.rel.init
 *(.rel.init)

.rela.init
 *(.rela.init)

.rel.text
 *(.rel.text)
 *(.rel.text.*)
 *(.rel.gnu.linkonce.t*)

.rela.text
 *(.rela.text)
 *(.rela.text.*)
 *(.rela.gnu.linkonce.t*)

.rel.fini
 *(.rel.fini)

.rela.fini
 *(.rela.fini)

.rel.rodata
 *(.rel.rodata)
 *(.rel.rodata.*)
 *(.rel.gnu.linkonce.r*)

.rela.rodata
 *(.rela.rodata)
 *(.rela.rodata.*)
 *(.rela.gnu.linkonce.r*)

.rel.data
 *(.rel.data)
 *(.rel.data.*)
 *(.rel.gnu.linkonce.d*)

.rela.data
 *(.rela.data)
 *(.rela.data.*)
 *(.rela.gnu.linkonce.d*)

.rel.ctors
 *(.rel.ctors)

.rela.ctors
 *(.rela.ctors)

.rel.dtors
 *(.rel.dtors)

.rela.dtors
 *(.rela.dtors)

.rel.got
 *(.rel.got)

.rela.got
 *(.rela.got)

.rel.bss
 *(.rel.bss)

.rela.bss
 *(.rela.bss)

.rel.plt
 *(.rel.plt)

.rela.plt
 *(.rela.plt)

.text           0x00000000     0x19a6
 *(.vectors)
 .vectors       0x00000000       0x68 /usr/lib/gcc/avr/4.3.5/../../../avr/lib/avr5/crtm328p.o
                0x00000000                __vectors
                0x00000000                __vector_default
 *(.vectors)
 *(.progmem.gcc*)
 *(.progmem*)
 .progmem.data  0x00000068       0x5a ../../ArduinoCore/Release//libArduinoCore.a(pins_arduino.o)
                0x00000068                port_to_mode_PGM
                0x00000072                port_to_output_PGM
                0x0000007c                port_to_input_PGM
                0x00000086                digital_pin_to_port_PGM
                0x0000009a                digital_pin_to_bit_mask_PGM
                0x000000ae                digital_pin_to_timer_PGM
 .progmem.data  0x000000c2       0x3b /usr/lib/gcc/avr/4.3.5/../../../avr/lib/avr5/libc.a(strtod.o)
                0x000000fe                . = ALIGN (0x2)
 *fill*         0x000000fd        0x1 00
                0x000000fe                __trampolines_start = .
 *(.trampolines)
 .trampolines   0x000000fe        0x0 linker stubs
 *(.trampolines*)
                0x000000fe                __trampolines_end = .
 *(.jumptables)
 *(.jumptables*)
 *(.lowtext)
 *(.lowtext*)
                0x000000fe                __ctors_start = .
 *(.ctors)
 .ctors         0x000000fe        0x2 ./main.o
 .ctors         0x00000100        0x2 ../../ArduinoCore/Release//libArduinoCore.a(HardwareSerial.o)
                0x00000102                __ctors_end = .
                0x00000102                __dtors_start = .
 *(.dtors)
                0x00000102                __dtors_end = .
 SORT(*)(.ctors)
 SORT(*)(.dtors)
 *(.init0)
 .init0         0x00000102        0x0 /usr/lib/gcc/avr/4.3.5/../../../avr/lib/avr5/crtm328p.o
                0x00000102                __init
 *(.init0)
 *(.init1)
 *(.init1)
 *(.init2)
 .init2         0x00000102        0xc /usr/lib/gcc/avr/4.3.5/../../../avr/lib/avr5/crtm328p.o
 *(.init2)
 *(.init3)
 *(.init3)
 *(.init4)
 .init4         0x0000010e       0x16 /usr/lib/gcc/avr/4.3.5/avr5/libgcc.a(_copy_data.o)
                0x0000010e                __do_copy_data
 .init4         0x00000124       0x10 /usr/lib/gcc/avr/4.3.5/avr5/libgcc.a(_clear_bss.o)
                0x00000124                __do_clear_bss
 *(.init4)
 *(.init5)
 *(.init5)
 *(.init6)
 .init6         0x00000134       0x16 /usr/lib/gcc/avr/4.3.5/avr5/libgcc.a(_ctors.o)
                0x00000134                __do_global_ctors
 *(.init6)
 *(.init7)
 *(.init7)
 *(.init8)
 *(.init8)
 *(.init9)
 .init9         0x0000014a        0x8 /usr/lib/gcc/avr/4.3.5/../../../avr/lib/avr5/crtm328p.o
 *(.init9)
 *(.text)
 .text          0x00000152        0x4 /usr/lib/gcc/avr/4.3.5/../../../avr/lib/avr5/crtm328p.o
                0x00000152                __vector_22
                0x00000152                __vector_1
                0x00000152                __vector_24
                0x00000152                __vector_12
                0x00000152                __bad_interrupt
                0x00000152                __vector_6
                0x00000152                __vector_3
                0x00000152                __vector_23
                0x00000152                __vector_25
                0x00000152                __vector_11
                0x00000152                __vector_13
                0x00000152                __vector_17
                0x00000152                __vector_19
                0x00000152                __vector_7
                0x00000152                __vector_5
                0x00000152                __vector_4
                0x00000152                __vector_9
                0x00000152                __vector_2
                0x00000152                __vector_21
                0x00000152                __vector_15
                0x00000152                __vector_8
                0x00000152                __vector_14
                0x00000152                __vector_10
                0x00000152                __vector_20
                0x00000156                . = ALIGN (0x2)
 *(.text.*)
 .text._ZN9WindSense16updateWIND_WIMWVEv
                0x00000156       0x84 ./WindSense/ParseToStruct.o
                0x00000156                WindSense::updateWIND_WIMWV()
 .text._ZN9WindSense15updateGPS_GPGLLEv
                0x000001da      0x15e ./WindSense/ParseToStruct.o
                0x000001da                WindSense::updateGPS_GPGLL()
 .text._ZN9WindSense17parseInternalNMEAEPc
                0x00000338       0x44 ./WindSense/ParseToStruct.o
                0x00000338                WindSense::parseInternalNMEA(char*)
 .text._ZN9WindSenseC1Ev
                0x0000037c       0x10 ./WindSense/WindSense.o
                0x0000037c                WindSense::WindSense()
 .text._ZN9WindSense8grabCharEc
                0x0000038c       0x50 ./WindSense/WindSense.o
                0x0000038c                WindSense::grabChar(char)
 .text._ZN9WindSense9splitNMEAEPc
                0x000003dc       0xf6 ./WindSense/WindSense.o
                0x000003dc                WindSense::splitNMEA(char*)
 .text._ZN9WindSense17splitInternalNMEAEv
                0x000004d2        0xc ./WindSense/WindSense.o
                0x000004d2                WindSense::splitInternalNMEA()
 .text._ZN9WindSense17resetInternalNMEAEv
                0x000004de       0x14 ./WindSense/WindSense.o
                0x000004de                WindSense::resetInternalNMEA()
 .text._ZN9WindSense12validateNMEAEPc
                0x000004f2       0x80 ./WindSense/WindSense.o
                0x000004f2                WindSense::validateNMEA(char*)
 .text._ZN9WindSense20validateInternalNMEAEv
                0x00000572        0xc ./WindSense/WindSense.o
                0x00000572                WindSense::validateInternalNMEA()
 .text._GLOBAL__I_airman
                0x0000057e        0xa ./main.o
 .text._Z4dumpv
                0x00000588      0x108 ./main.o
                0x00000588                dump()
 .text.loop     0x00000690       0x2a ./main.o
                0x00000690                loop
 .text.setup    0x000006ba       0x2e ./main.o
                0x000006ba                setup
 .text.main     0x000006e8        0xe ./main.o
                0x000006e8                main
 .text.__vector_18
                0x000006f6       0x62 ../../ArduinoCore/Release//libArduinoCore.a(HardwareSerial.o)
                0x000006f6                __vector_18
 .text._ZN14HardwareSerial5beginEl
                0x00000758       0xb2 ../../ArduinoCore/Release//libArduinoCore.a(HardwareSerial.o)
                0x00000758                HardwareSerial::begin(long)
 .text._ZN14HardwareSerial9availableEv
                0x0000080a       0x22 ../../ArduinoCore/Release//libArduinoCore.a(HardwareSerial.o)
                0x0000080a                HardwareSerial::available()
 .text._ZN14HardwareSerial4peekEv
                0x0000082c       0x34 ../../ArduinoCore/Release//libArduinoCore.a(HardwareSerial.o)
                0x0000082c                HardwareSerial::peek()
 .text._ZN14HardwareSerial4readEv
                0x00000860       0x48 ../../ArduinoCore/Release//libArduinoCore.a(HardwareSerial.o)
                0x00000860                HardwareSerial::read()
 .text._ZN14HardwareSerial5flushEv
                0x000008a8       0x18 ../../ArduinoCore/Release//libArduinoCore.a(HardwareSerial.o)
                0x000008a8                HardwareSerial::flush()
 .text._ZN14HardwareSerial5writeEh
                0x000008c0       0x26 ../../ArduinoCore/Release//libArduinoCore.a(HardwareSerial.o)
                0x000008c0                HardwareSerial::write(unsigned char)
 .text._GLOBAL__I_rx_buffer
                0x000008e6       0x74 ../../ArduinoCore/Release//libArduinoCore.a(HardwareSerial.o)
 .text._ZN5Print5writeEPKc
                0x0000095a       0x30 ../../ArduinoCore/Release//libArduinoCore.a(Print.o)
                0x0000095a                Print::write(char const*)
 .text._ZN5Print5writeEPKhj
                0x0000098a       0x3e ../../ArduinoCore/Release//libArduinoCore.a(Print.o)
                0x0000098a                Print::write(unsigned char const*, unsigned int)
 .text._ZN5Print5printEPKc
                0x000009c8       0x10 ../../ArduinoCore/Release//libArduinoCore.a(Print.o)
                0x000009c8                Print::print(char const*)
 .text._ZN5Print11printNumberEmh
                0x000009d8      0x134 ../../ArduinoCore/Release//libArduinoCore.a(Print.o)
                0x000009d8                Print::printNumber(unsigned long, unsigned char)
 .text._ZN5Print5printEmi
                0x00000b0c       0x1e ../../ArduinoCore/Release//libArduinoCore.a(Print.o)
                0x00000b0c                Print::print(unsigned long, int)
 .text._ZN5Print5printEli
                0x00000b2a       0x6c ../../ArduinoCore/Release//libArduinoCore.a(Print.o)
                0x00000b2a                Print::print(long, int)
 .text._ZN5Print5printEii
                0x00000b96       0x26 ../../ArduinoCore/Release//libArduinoCore.a(Print.o)
                0x00000b96                Print::print(int, int)
 .text._ZN5Print7printlnEv
                0x00000bbc       0x2e ../../ArduinoCore/Release//libArduinoCore.a(Print.o)
                0x00000bbc                Print::println()
 .text._ZN5Print7printlnEPKc
                0x00000bea       0x16 ../../ArduinoCore/Release//libArduinoCore.a(Print.o)
                0x00000bea                Print::println(char const*)
 .text._ZN5Print7printlnEii
                0x00000c00       0x36 ../../ArduinoCore/Release//libArduinoCore.a(Print.o)
                0x00000c00                Print::println(int, int)
 .text._ZN5Print10printFloatEdh
                0x00000c36      0x118 ../../ArduinoCore/Release//libArduinoCore.a(Print.o)
                0x00000c36                Print::printFloat(double, unsigned char)
 .text._ZN5Print7printlnEdi
                0x00000d4e       0x16 ../../ArduinoCore/Release//libArduinoCore.a(Print.o)
                0x00000d4e                Print::println(double, int)
 .text.__vector_16
                0x00000d64       0x90 ../../ArduinoCore/Release//libArduinoCore.a(wiring.o)
                0x00000d64                __vector_16
 .text.init     0x00000df4       0x76 ../../ArduinoCore/Release//libArduinoCore.a(wiring.o)
                0x00000df4                init
 .text.pinMode  0x00000e6a       0x4c ../../ArduinoCore/Release//libArduinoCore.a(wiring_digital.o)
                0x00000e6a                pinMode
 .text.avr-libc.fplib
                0x00000eb6        0xa /usr/lib/gcc/avr/4.3.5/../../../avr/lib/avr5/libm.a(addsf3.o)
                0x00000eb6                __subsf3
                0x00000eb8                __addsf3
 .text.avr-libc.fplib
                0x00000ec0       0xc0 /usr/lib/gcc/avr/4.3.5/../../../avr/lib/avr5/libm.a(addsf3x.o)
                0x00000eda                __addsf3x
 .text.avr-libc.fplib
                0x00000f80        0x8 /usr/lib/gcc/avr/4.3.5/../../../avr/lib/avr5/libm.a(cmpsf2.o)
                0x00000f80                __lesf2
                0x00000f80                __nesf2
                0x00000f80                __eqsf2
                0x00000f80                __cmpsf2
                0x00000f80                __ltsf2
 .text.avr-libc.fplib
                0x00000f88        0x4 /usr/lib/gcc/avr/4.3.5/../../../avr/lib/avr5/libm.a(divsf3.o)
                0x00000f88                __divsf3
 .text.avr-libc.fplib
                0x00000f8c       0xcc /usr/lib/gcc/avr/4.3.5/../../../avr/lib/avr5/libm.a(divsf3x.o)
                0x00000fa2                __divsf3x
                0x00000fa6                __divsf3_pse
 .text.avr-libc.fplib
                0x00001058        0xa /usr/lib/gcc/avr/4.3.5/../../../avr/lib/avr5/libm.a(fixsfsi.o)
                0x00001058                __fixsfsi
 .text.avr-libc.fplib
                0x00001062       0x58 /usr/lib/gcc/avr/4.3.5/../../../avr/lib/avr5/libm.a(fixunssfsi.o)
                0x00001062                __fixunssfsi
 .text.avr-libc.fplib
                0x000010ba       0x7a /usr/lib/gcc/avr/4.3.5/../../../avr/lib/avr5/libm.a(floatsisf.o)
                0x000010ba                __floatunsisf
                0x000010be                __floatsisf
 .text.avr-libc.fplib
                0x00001134       0x48 /usr/lib/gcc/avr/4.3.5/../../../avr/lib/avr5/libm.a(fp_cmp.o)
                0x00001134                __fp_cmp
 .text.avr-libc.fplib
                0x0000117c        0xc /usr/lib/gcc/avr/4.3.5/../../../avr/lib/avr5/libm.a(fp_inf.o)
                0x0000117c                __fp_inf
 .text.avr-libc.fplib
                0x00001188        0x6 /usr/lib/gcc/avr/4.3.5/../../../avr/lib/avr5/libm.a(fp_nan.o)
                0x00001188                __fp_nan
 .text.avr-libc.fplib
                0x0000118e        0xe /usr/lib/gcc/avr/4.3.5/../../../avr/lib/avr5/libm.a(fp_pscA.o)
                0x0000118e                __fp_pscA
 .text.avr-libc.fplib
                0x0000119c        0xe /usr/lib/gcc/avr/4.3.5/../../../avr/lib/avr5/libm.a(fp_pscB.o)
                0x0000119c                __fp_pscB
 .text.avr-libc.fplib
                0x000011aa       0x22 /usr/lib/gcc/avr/4.3.5/../../../avr/lib/avr5/libm.a(fp_round.o)
                0x000011aa                __fp_round
 .text.avr-libc.fplib
                0x000011cc       0x44 /usr/lib/gcc/avr/4.3.5/../../../avr/lib/avr5/libm.a(fp_split3.o)
                0x000011cc                __fp_split3
                0x000011dc                __fp_splitA
 .text.avr-libc.fplib
                0x00001210        0xe /usr/lib/gcc/avr/4.3.5/../../../avr/lib/avr5/libm.a(fp_zero.o)
                0x00001210                __fp_zero
                0x00001212                __fp_szero
 .text.avr-libc.fplib
                0x0000121e        0x4 /usr/lib/gcc/avr/4.3.5/../../../avr/lib/avr5/libm.a(mulsf3.o)
                0x0000121e                __mulsf3
 .text.avr-libc.fplib
                0x00001222       0xc2 /usr/lib/gcc/avr/4.3.5/../../../avr/lib/avr5/libm.a(mulsf3x.o)
                0x00001236                __mulsf3x
                0x0000123a                __mulsf3_pse
 .text.libgcc   0x000012e4       0x44 /usr/lib/gcc/avr/4.3.5/avr5/libgcc.a(_udivmodsi4.o)
                0x000012e4                __udivmodsi4
 .text.libgcc   0x00001328        0xc /usr/lib/gcc/avr/4.3.5/avr5/libgcc.a(_tablejump.o)
                0x00001328                __tablejump2__
                0x0000132c                __tablejump__
 .text.avr-libc
                0x00001334      0x2c0 /usr/lib/gcc/avr/4.3.5/../../../avr/lib/avr5/libc.a(strtod.o)
                0x00001334                strtod
 .text.avr-libc
                0x000015f4      0x25e /usr/lib/gcc/avr/4.3.5/../../../avr/lib/avr5/libc.a(strtol.o)
                0x000015f4                strtol
 .text.avr-libc
                0x00001852       0x3c /usr/lib/gcc/avr/4.3.5/../../../avr/lib/avr5/libc.a(atoi.o)
                0x00001852                atoi
 .text.avr-libc
                0x0000188e       0x10 /usr/lib/gcc/avr/4.3.5/../../../avr/lib/avr5/libc.a(isspace.o)
                0x0000188e                isspace
 .text.avr-libc
                0x0000189e       0x30 /usr/lib/gcc/avr/4.3.5/../../../avr/lib/avr5/libc.a(strncasecmp_P.o)
                0x0000189e                strncasecmp_P
 .text.avr-libc
                0x000018ce       0x12 /usr/lib/gcc/avr/4.3.5/../../../avr/lib/avr5/libc.a(strcmp.o)
                0x000018ce                strcmp
 .text.avr-libc
                0x000018e0       0x10 /usr/lib/gcc/avr/4.3.5/../../../avr/lib/avr5/libc.a(mul10.o)
                0x000018e0                __mulhi_const_10
 .text.avr-libc
                0x000018f0        0x6 /usr/lib/gcc/avr/4.3.5/../../../avr/lib/avr5/libc.a(cty_isfalse.o)
                0x000018f0                __ctype_isfalse
                0x000018f4                __ctype_istrue
 .text.libgcc   0x000018f6       0x3e /usr/lib/gcc/avr/4.3.5/avr5/libgcc.a(_mulsi3.o)
                0x000018f6                __mulsi3
 .text.libgcc   0x00001934       0x38 /usr/lib/gcc/avr/4.3.5/avr5/libgcc.a(_prologue.o)
                0x00001934                __prologue_saves__
 .text.libgcc   0x0000196c       0x36 /usr/lib/gcc/avr/4.3.5/avr5/libgcc.a(_epilogue.o)
                0x0000196c                __epilogue_restores__
                0x000019a2                . = ALIGN (0x2)
 *(.fini9)
 .fini9         0x000019a2        0x0 /usr/lib/gcc/avr/4.3.5/avr5/libgcc.a(_exit.o)
                0x000019a2                exit
                0x000019a2                _exit
 *(.fini9)
 *(.fini8)
 *(.fini8)
 *(.fini7)
 *(.fini7)
 *(.fini6)
 *(.fini6)
 *(.fini5)
 *(.fini5)
 *(.fini4)
 *(.fini4)
 *(.fini3)
 *(.fini3)
 *(.fini2)
 *(.fini2)
 *(.fini1)
 *(.fini1)
 *(.fini0)
 .fini0         0x000019a2        0x4 /usr/lib/gcc/avr/4.3.5/avr5/libgcc.a(_exit.o)
 *(.fini0)
                0x000019a6                _etext = .

.data           0x00800100       0x92 load address 0x000019a6
                0x00800100                PROVIDE (__data_start, .)
 *(.data)
 .data          0x00800100        0xc ./WindSense/ParseToStruct.o
 .data          0x0080010c       0x71 ./main.o
 .data          0x0080017d        0x2 ../../ArduinoCore/Release//libArduinoCore.a(Print.o)
 *(.data*)
 *(.rodata)
 *(.rodata*)
 .rodata._ZTV14HardwareSerial
                0x0080017f       0x12 ../../ArduinoCore/Release//libArduinoCore.a(HardwareSerial.o)
                0x0080017f                vtable for HardwareSerial
 *(.gnu.linkonce.d*)
                0x00800192                . = ALIGN (0x2)
 *fill*         0x00800191        0x1 00
                0x00800192                _edata = .
                0x00800192                PROVIDE (__data_end, .)

.bss            0x00800192      0x380
                0x00800192                PROVIDE (__bss_start, .)
 *(.bss)
 *(.bss*)
 .bss.airman    0x00800192      0x2de ./main.o
                0x00800192                airman
 .bss.rx_buffer
                0x00800470       0x84 ../../ArduinoCore/Release//libArduinoCore.a(HardwareSerial.o)
                0x00800470                rx_buffer
 .bss.Serial    0x008004f4       0x13 ../../ArduinoCore/Release//libArduinoCore.a(HardwareSerial.o)
                0x008004f4                Serial
 .bss.timer0_overflow_count
                0x00800507        0x4 ../../ArduinoCore/Release//libArduinoCore.a(wiring.o)
                0x00800507                timer0_overflow_count
 .bss.timer0_millis
                0x0080050b        0x4 ../../ArduinoCore/Release//libArduinoCore.a(wiring.o)
                0x0080050b                timer0_millis
 .bss.timer0_fract
                0x0080050f        0x1 ../../ArduinoCore/Release//libArduinoCore.a(wiring.o)
 *(COMMON)
 COMMON         0x00800510        0x2 /usr/lib/gcc/avr/4.3.5/../../../avr/lib/avr5/libc.a(errno.o)
                0x00800510                errno
                0x00800512                PROVIDE (__bss_end, .)
                0x000019a6                __data_load_start = LOADADDR (.data)
                0x00001a38                __data_load_end = (__data_load_start + SIZEOF (.data))

.noinit         0x00800512        0x0
                0x00800512                PROVIDE (__noinit_start, .)
 *(.noinit*)
                0x00800512                PROVIDE (__noinit_end, .)
                0x00800512                _end = .
                0x00800512                PROVIDE (__heap_start, .)

.eeprom         0x00810000        0x0
 *(.eeprom*)
                0x00810000                __eeprom_end = .

.fuse
 *(.fuse)
 *(.lfuse)
 *(.hfuse)
 *(.efuse)

.lock
 *(.lock*)

.signature
 *(.signature*)

.stab
 *(.stab)

.stabstr
 *(.stabstr)

.stab.excl
 *(.stab.excl)

.stab.exclstr
 *(.stab.exclstr)

.stab.index
 *(.stab.index)

.stab.indexstr
 *(.stab.indexstr)

.comment
 *(.comment)

.debug
 *(.debug)

.line
 *(.line)

.debug_srcinfo
 *(.debug_srcinfo)

.debug_sfnames
 *(.debug_sfnames)

.debug_aranges
 *(.debug_aranges)

.debug_pubnames
 *(.debug_pubnames)

.debug_info
 *(.debug_info)
 *(.gnu.linkonce.wi.*)

.debug_abbrev
 *(.debug_abbrev)

.debug_line
 *(.debug_line)

.debug_frame
 *(.debug_frame)

.debug_str
 *(.debug_str)

.debug_loc
 *(.debug_loc)

.debug_macinfo
 *(.debug_macinfo)
OUTPUT(SailcodeAPI.elf elf32-avr)
LOAD linker stubs

Cross Reference Table

Symbol                                            File
HardwareSerial::HardwareSerial(ring_buffer*, unsigned char volatile*, unsigned char volatile*, unsigned char volatile*, unsigned char volatile*, unsigned char volatile*, unsigned char, unsigned char, unsigned char, unsigned char, unsigned char) ../../ArduinoCore/Release//libArduinoCore.a(HardwareSerial.o)
HardwareSerial::HardwareSerial(ring_buffer*, unsigned char volatile*, unsigned char volatile*, unsigned char volatile*, unsigned char volatile*, unsigned char volatile*, unsigned char, unsigned char, unsigned char, unsigned char, unsigned char) ../../ArduinoCore/Release//libArduinoCore.a(HardwareSerial.o)
HardwareSerial::available()                       ../../ArduinoCore/Release//libArduinoCore.a(HardwareSerial.o)
                                                  ./main.o
HardwareSerial::begin(long)                       ../../ArduinoCore/Release//libArduinoCore.a(HardwareSerial.o)
                                                  ./main.o
HardwareSerial::end()                             ../../ArduinoCore/Release//libArduinoCore.a(HardwareSerial.o)
HardwareSerial::flush()                           ../../ArduinoCore/Release//libArduinoCore.a(HardwareSerial.o)
HardwareSerial::peek()                            ../../ArduinoCore/Release//libArduinoCore.a(HardwareSerial.o)
HardwareSerial::read()                            ../../ArduinoCore/Release//libArduinoCore.a(HardwareSerial.o)
                                                  ./main.o
HardwareSerial::write(unsigned char)              ../../ArduinoCore/Release//libArduinoCore.a(HardwareSerial.o)
Print::print(String const&)                       ../../ArduinoCore/Release//libArduinoCore.a(Print.o)
Print::print(char const*)                         ../../ArduinoCore/Release//libArduinoCore.a(Print.o)
                                                  ./main.o
Print::print(char, int)                           ../../ArduinoCore/Release//libArduinoCore.a(Print.o)
Print::print(double, int)                         ../../ArduinoCore/Release//libArduinoCore.a(Print.o)
Print::print(int, int)                            ../../ArduinoCore/Release//libArduinoCore.a(Print.o)
                                                  ./main.o
Print::print(long, int)                           ../../ArduinoCore/Release//libArduinoCore.a(Print.o)
Print::print(unsigned char, int)                  ../../ArduinoCore/Release//libArduinoCore.a(Print.o)
Print::print(unsigned int, int)                   ../../ArduinoCore/Release//libArduinoCore.a(Print.o)
Print::print(unsigned long, int)                  ../../ArduinoCore/Release//libArduinoCore.a(Print.o)
Print::printFloat(double, unsigned char)          ../../ArduinoCore/Release//libArduinoCore.a(Print.o)
Print::printNumber(unsigned long, unsigned char)  ../../ArduinoCore/Release//libArduinoCore.a(Print.o)
Print::println()                                  ../../ArduinoCore/Release//libArduinoCore.a(Print.o)
Print::println(String const&)                     ../../ArduinoCore/Release//libArduinoCore.a(Print.o)
Print::println(char const*)                       ../../ArduinoCore/Release//libArduinoCore.a(Print.o)
                                                  ./main.o
Print::println(char, int)                         ../../ArduinoCore/Release//libArduinoCore.a(Print.o)
Print::println(double, int)                       ../../ArduinoCore/Release//libArduinoCore.a(Print.o)
                                                  ./main.o
Print::println(int, int)                          ../../ArduinoCore/Release//libArduinoCore.a(Print.o)
                                                  ./main.o
Print::println(long, int)                         ../../ArduinoCore/Release//libArduinoCore.a(Print.o)
Print::println(unsigned char, int)                ../../ArduinoCore/Release//libArduinoCore.a(Print.o)
Print::println(unsigned int, int)                 ../../ArduinoCore/Release//libArduinoCore.a(Print.o)
Print::println(unsigned long, int)                ../../ArduinoCore/Release//libArduinoCore.a(Print.o)
Print::write(char const*)                         ../../ArduinoCore/Release//libArduinoCore.a(Print.o)
                                                  ../../ArduinoCore/Release//libArduinoCore.a(HardwareSerial.o)
Print::write(unsigned char const*, unsigned int)  ../../ArduinoCore/Release//libArduinoCore.a(Print.o)
                                                  ../../ArduinoCore/Release//libArduinoCore.a(HardwareSerial.o)
Serial                                            ../../ArduinoCore/Release//libArduinoCore.a(HardwareSerial.o)
                                                  ./main.o
String::String(String const&)                     ../../ArduinoCore/Release//libArduinoCore.a(WString.o)
String::String(String const&)                     ../../ArduinoCore/Release//libArduinoCore.a(WString.o)
String::String(char const*)                       ../../ArduinoCore/Release//libArduinoCore.a(WString.o)
String::String(char const*)                       ../../ArduinoCore/Release//libArduinoCore.a(WString.o)
String::String(char)                              ../../ArduinoCore/Release//libArduinoCore.a(WString.o)
String::String(char)                              ../../ArduinoCore/Release//libArduinoCore.a(WString.o)
String::String(int, int)                          ../../ArduinoCore/Release//libArduinoCore.a(WString.o)
String::String(int, int)                          ../../ArduinoCore/Release//libArduinoCore.a(WString.o)
String::String(long, int)                         ../../ArduinoCore/Release//libArduinoCore.a(WString.o)
String::String(long, int)                         ../../ArduinoCore/Release//libArduinoCore.a(WString.o)
String::String(unsigned char)                     ../../ArduinoCore/Release//libArduinoCore.a(WString.o)
String::String(unsigned char)                     ../../ArduinoCore/Release//libArduinoCore.a(WString.o)
String::String(unsigned int, int)                 ../../ArduinoCore/Release//libArduinoCore.a(WString.o)
String::String(unsigned int, int)                 ../../ArduinoCore/Release//libArduinoCore.a(WString.o)
String::String(unsigned long, int)                ../../ArduinoCore/Release//libArduinoCore.a(WString.o)
String::String(unsigned long, int)                ../../ArduinoCore/Release//libArduinoCore.a(WString.o)
String::charAt(unsigned int) const                ../../ArduinoCore/Release//libArduinoCore.a(WString.o)
String::compareTo(String const&) const            ../../ArduinoCore/Release//libArduinoCore.a(WString.o)
String::concat(String const&)                     ../../ArduinoCore/Release//libArduinoCore.a(WString.o)
String::endsWith(String const&) const             ../../ArduinoCore/Release//libArduinoCore.a(WString.o)
String::equals(String const&) const               ../../ArduinoCore/Release//libArduinoCore.a(WString.o)
String::equalsIgnoreCase(String const&) const     ../../ArduinoCore/Release//libArduinoCore.a(WString.o)
String::getBuffer(unsigned int)                   ../../ArduinoCore/Release//libArduinoCore.a(WString.o)
String::getBytes(unsigned char*, unsigned int)    ../../ArduinoCore/Release//libArduinoCore.a(WString.o)
String::indexOf(String const&) const              ../../ArduinoCore/Release//libArduinoCore.a(WString.o)
String::indexOf(String const&, unsigned int) const ../../ArduinoCore/Release//libArduinoCore.a(WString.o)
String::indexOf(char) const                       ../../ArduinoCore/Release//libArduinoCore.a(WString.o)
String::indexOf(char, unsigned int) const         ../../ArduinoCore/Release//libArduinoCore.a(WString.o)
String::lastIndexOf(String const&) const          ../../ArduinoCore/Release//libArduinoCore.a(WString.o)
String::lastIndexOf(String const&, unsigned int) const ../../ArduinoCore/Release//libArduinoCore.a(WString.o)
String::lastIndexOf(char) const                   ../../ArduinoCore/Release//libArduinoCore.a(WString.o)
String::lastIndexOf(char, unsigned int) const     ../../ArduinoCore/Release//libArduinoCore.a(WString.o)
String::operator!=(String const&) const           ../../ArduinoCore/Release//libArduinoCore.a(WString.o)
String::operator+=(String const&)                 ../../ArduinoCore/Release//libArduinoCore.a(WString.o)
String::operator<(String const&) const            ../../ArduinoCore/Release//libArduinoCore.a(WString.o)
String::operator<=(String const&) const           ../../ArduinoCore/Release//libArduinoCore.a(WString.o)
String::operator=(String const&)                  ../../ArduinoCore/Release//libArduinoCore.a(WString.o)
String::operator==(String const&) const           ../../ArduinoCore/Release//libArduinoCore.a(WString.o)
String::operator>(String const&) const            ../../ArduinoCore/Release//libArduinoCore.a(WString.o)
String::operator>=(String const&) const           ../../ArduinoCore/Release//libArduinoCore.a(WString.o)
String::operator[](unsigned int)                  ../../ArduinoCore/Release//libArduinoCore.a(WString.o)
String::operator[](unsigned int) const            ../../ArduinoCore/Release//libArduinoCore.a(WString.o)
                                                  ../../ArduinoCore/Release//libArduinoCore.a(Print.o)
String::replace(String const&, String const&)     ../../ArduinoCore/Release//libArduinoCore.a(WString.o)
String::replace(char, char)                       ../../ArduinoCore/Release//libArduinoCore.a(WString.o)
String::setCharAt(unsigned int, char)             ../../ArduinoCore/Release//libArduinoCore.a(WString.o)
String::startsWith(String const&) const           ../../ArduinoCore/Release//libArduinoCore.a(WString.o)
String::startsWith(String const&, unsigned int) const ../../ArduinoCore/Release//libArduinoCore.a(WString.o)
String::substring(unsigned int) const             ../../ArduinoCore/Release//libArduinoCore.a(WString.o)
String::substring(unsigned int, unsigned int) const ../../ArduinoCore/Release//libArduinoCore.a(WString.o)
String::toCharArray(char*, unsigned int)          ../../ArduinoCore/Release//libArduinoCore.a(WString.o)
String::toInt()                                   ../../ArduinoCore/Release//libArduinoCore.a(WString.o)
String::toLowerCase() const                       ../../ArduinoCore/Release//libArduinoCore.a(WString.o)
String::toUpperCase() const                       ../../ArduinoCore/Release//libArduinoCore.a(WString.o)
String::trim() const                              ../../ArduinoCore/Release//libArduinoCore.a(WString.o)
String::~String()                                 ../../ArduinoCore/Release//libArduinoCore.a(WString.o)
WindSense::WindSense()                            ./WindSense/WindSense.o
WindSense::WindSense()                            ./WindSense/WindSense.o
                                                  ./main.o
WindSense::grabChar(char)                         ./WindSense/WindSense.o
                                                  ./main.o
WindSense::parseInternalNMEA(char*)               ./WindSense/ParseToStruct.o
                                                  ./main.o
WindSense::resetInternalNMEA()                    ./WindSense/WindSense.o
                                                  ./main.o
WindSense::splitInternalNMEA()                    ./WindSense/WindSense.o
                                                  ./main.o
WindSense::splitNMEA(char*)                       ./WindSense/WindSense.o
WindSense::updateGPS_GPGLL()                      ./WindSense/ParseToStruct.o
WindSense::updateWIND_WIMWV()                     ./WindSense/ParseToStruct.o
WindSense::validateInternalNMEA()                 ./WindSense/WindSense.o
                                                  ./main.o
WindSense::validateNMEA(char*)                    ./WindSense/WindSense.o
__addsf3                                          /usr/lib/gcc/avr/4.3.5/../../../avr/lib/avr5/libm.a(addsf3.o)
                                                  ../../ArduinoCore/Release//libArduinoCore.a(Print.o)
__addsf3x                                         /usr/lib/gcc/avr/4.3.5/../../../avr/lib/avr5/libm.a(addsf3x.o)
                                                  /usr/lib/gcc/avr/4.3.5/../../../avr/lib/avr5/libm.a(addsf3.o)
__bad_interrupt                                   /usr/lib/gcc/avr/4.3.5/../../../avr/lib/avr5/crtm328p.o
__brkval                                          /usr/lib/gcc/avr/4.3.5/../../../avr/lib/avr5/libc.a(realloc.o)
                                                  /usr/lib/gcc/avr/4.3.5/../../../avr/lib/avr5/libc.a(malloc.o)
__bss_end                                         /usr/lib/gcc/avr/4.3.5/avr5/libgcc.a(_clear_bss.o)
__bss_start                                       /usr/lib/gcc/avr/4.3.5/avr5/libgcc.a(_clear_bss.o)
__cmpsf2                                          /usr/lib/gcc/avr/4.3.5/../../../avr/lib/avr5/libm.a(cmpsf2.o)
__ctors_end                                       /usr/lib/gcc/avr/4.3.5/avr5/libgcc.a(_ctors.o)
__ctors_start                                     /usr/lib/gcc/avr/4.3.5/avr5/libgcc.a(_ctors.o)
__ctype_isfalse                                   /usr/lib/gcc/avr/4.3.5/../../../avr/lib/avr5/libc.a(cty_isfalse.o)
                                                  /usr/lib/gcc/avr/4.3.5/../../../avr/lib/avr5/libc.a(isspace.o)
__ctype_istrue                                    /usr/lib/gcc/avr/4.3.5/../../../avr/lib/avr5/libc.a(cty_isfalse.o)
__cxa_pure_virtual                                ../../ArduinoCore/Release//libArduinoCore.a(Print.o)
                                                  ../../ArduinoCore/Release//libArduinoCore.a(HardwareSerial.o)
__data_end                                        /usr/lib/gcc/avr/4.3.5/avr5/libgcc.a(_copy_data.o)
__data_load_start                                 /usr/lib/gcc/avr/4.3.5/avr5/libgcc.a(_copy_data.o)
__data_start                                      /usr/lib/gcc/avr/4.3.5/avr5/libgcc.a(_copy_data.o)
__divsf3                                          /usr/lib/gcc/avr/4.3.5/../../../avr/lib/avr5/libm.a(divsf3.o)
                                                  ../../ArduinoCore/Release//libArduinoCore.a(Print.o)
__divsf3_pse                                      /usr/lib/gcc/avr/4.3.5/../../../avr/lib/avr5/libm.a(divsf3x.o)
__divsf3x                                         /usr/lib/gcc/avr/4.3.5/../../../avr/lib/avr5/libm.a(divsf3x.o)
                                                  /usr/lib/gcc/avr/4.3.5/../../../avr/lib/avr5/libm.a(divsf3.o)
__do_clear_bss                                    /usr/lib/gcc/avr/4.3.5/avr5/libgcc.a(_clear_bss.o)
                                                  /usr/lib/gcc/avr/4.3.5/../../../avr/lib/avr5/libc.a(errno.o)
                                                  /usr/lib/gcc/avr/4.3.5/../../../avr/lib/avr5/libc.a(malloc.o)
                                                  ../../ArduinoCore/Release//libArduinoCore.a(wiring.o)
                                                  ../../ArduinoCore/Release//libArduinoCore.a(WString.o)
                                                  ../../ArduinoCore/Release//libArduinoCore.a(HardwareSerial.o)
                                                  ./main.o
__do_copy_data                                    /usr/lib/gcc/avr/4.3.5/avr5/libgcc.a(_copy_data.o)
                                                  /usr/lib/gcc/avr/4.3.5/../../../avr/lib/avr5/libc.a(malloc.o)
                                                  ../../ArduinoCore/Release//libArduinoCore.a(WString.o)
                                                  ../../ArduinoCore/Release//libArduinoCore.a(Print.o)
                                                  ../../ArduinoCore/Release//libArduinoCore.a(HardwareSerial.o)
                                                  ./main.o
                                                  ./WindSense/ParseToStruct.o
__do_global_ctors                                 /usr/lib/gcc/avr/4.3.5/avr5/libgcc.a(_ctors.o)
                                                  ../../ArduinoCore/Release//libArduinoCore.a(HardwareSerial.o)
                                                  ./main.o
__epilogue_restores__                             /usr/lib/gcc/avr/4.3.5/avr5/libgcc.a(_epilogue.o)
                                                  /usr/lib/gcc/avr/4.3.5/../../../avr/lib/avr5/libc.a(strtod.o)
                                                  /usr/lib/gcc/avr/4.3.5/../../../avr/lib/avr5/libc.a(realloc.o)
__eqsf2                                           /usr/lib/gcc/avr/4.3.5/../../../avr/lib/avr5/libm.a(cmpsf2.o)
                                                  /usr/lib/gcc/avr/4.3.5/../../../avr/lib/avr5/libc.a(strtod.o)
__fixsfsi                                         /usr/lib/gcc/avr/4.3.5/../../../avr/lib/avr5/libm.a(fixsfsi.o)
                                                  ../../ArduinoCore/Release//libArduinoCore.a(Print.o)
__fixunssfsi                                      /usr/lib/gcc/avr/4.3.5/../../../avr/lib/avr5/libm.a(fixunssfsi.o)
                                                  /usr/lib/gcc/avr/4.3.5/../../../avr/lib/avr5/libm.a(fixsfsi.o)
                                                  ../../ArduinoCore/Release//libArduinoCore.a(Print.o)
__floatsisf                                       /usr/lib/gcc/avr/4.3.5/../../../avr/lib/avr5/libm.a(floatsisf.o)
                                                  ../../ArduinoCore/Release//libArduinoCore.a(Print.o)
                                                  ./WindSense/ParseToStruct.o
__floatunsisf                                     /usr/lib/gcc/avr/4.3.5/../../../avr/lib/avr5/libm.a(floatsisf.o)
                                                  /usr/lib/gcc/avr/4.3.5/../../../avr/lib/avr5/libc.a(strtod.o)
                                                  ../../ArduinoCore/Release//libArduinoCore.a(Print.o)
__flp                                             /usr/lib/gcc/avr/4.3.5/../../../avr/lib/avr5/libc.a(realloc.o)
                                                  /usr/lib/gcc/avr/4.3.5/../../../avr/lib/avr5/libc.a(malloc.o)
__fp_cmp                                          /usr/lib/gcc/avr/4.3.5/../../../avr/lib/avr5/libm.a(fp_cmp.o)
                                                  /usr/lib/gcc/avr/4.3.5/../../../avr/lib/avr5/libm.a(cmpsf2.o)
__fp_inf                                          /usr/lib/gcc/avr/4.3.5/../../../avr/lib/avr5/libm.a(fp_inf.o)
                                                  /usr/lib/gcc/avr/4.3.5/../../../avr/lib/avr5/libm.a(mulsf3x.o)
                                                  /usr/lib/gcc/avr/4.3.5/../../../avr/lib/avr5/libm.a(divsf3x.o)
                                                  /usr/lib/gcc/avr/4.3.5/../../../avr/lib/avr5/libm.a(addsf3x.o)
__fp_nan                                          /usr/lib/gcc/avr/4.3.5/../../../avr/lib/avr5/libm.a(fp_nan.o)
                                                  /usr/lib/gcc/avr/4.3.5/../../../avr/lib/avr5/libm.a(mulsf3x.o)
                                                  /usr/lib/gcc/avr/4.3.5/../../../avr/lib/avr5/libm.a(divsf3x.o)
                                                  /usr/lib/gcc/avr/4.3.5/../../../avr/lib/avr5/libm.a(addsf3x.o)
__fp_pscA                                         /usr/lib/gcc/avr/4.3.5/../../../avr/lib/avr5/libm.a(fp_pscA.o)
                                                  /usr/lib/gcc/avr/4.3.5/../../../avr/lib/avr5/libm.a(mulsf3x.o)
                                                  /usr/lib/gcc/avr/4.3.5/../../../avr/lib/avr5/libm.a(divsf3x.o)
                                                  /usr/lib/gcc/avr/4.3.5/../../../avr/lib/avr5/libm.a(addsf3x.o)
__fp_pscB                                         /usr/lib/gcc/avr/4.3.5/../../../avr/lib/avr5/libm.a(fp_pscB.o)
                                                  /usr/lib/gcc/avr/4.3.5/../../../avr/lib/avr5/libm.a(mulsf3x.o)
                                                  /usr/lib/gcc/avr/4.3.5/../../../avr/lib/avr5/libm.a(divsf3x.o)
                                                  /usr/lib/gcc/avr/4.3.5/../../../avr/lib/avr5/libm.a(addsf3x.o)
__fp_round                                        /usr/lib/gcc/avr/4.3.5/../../../avr/lib/avr5/libm.a(fp_round.o)
                                                  /usr/lib/gcc/avr/4.3.5/../../../avr/lib/avr5/libm.a(mulsf3.o)
                                                  /usr/lib/gcc/avr/4.3.5/../../../avr/lib/avr5/libm.a(divsf3.o)
                                                  /usr/lib/gcc/avr/4.3.5/../../../avr/lib/avr5/libm.a(addsf3.o)
__fp_split3                                       /usr/lib/gcc/avr/4.3.5/../../../avr/lib/avr5/libm.a(fp_split3.o)
                                                  /usr/lib/gcc/avr/4.3.5/../../../avr/lib/avr5/libm.a(mulsf3x.o)
                                                  /usr/lib/gcc/avr/4.3.5/../../../avr/lib/avr5/libm.a(divsf3x.o)
                                                  /usr/lib/gcc/avr/4.3.5/../../../avr/lib/avr5/libm.a(addsf3x.o)
__fp_splitA                                       /usr/lib/gcc/avr/4.3.5/../../../avr/lib/avr5/libm.a(fp_split3.o)
                                                  /usr/lib/gcc/avr/4.3.5/../../../avr/lib/avr5/libm.a(fixunssfsi.o)
__fp_szero                                        /usr/lib/gcc/avr/4.3.5/../../../avr/lib/avr5/libm.a(fp_zero.o)
                                                  /usr/lib/gcc/avr/4.3.5/../../../avr/lib/avr5/libm.a(mulsf3x.o)
                                                  /usr/lib/gcc/avr/4.3.5/../../../avr/lib/avr5/libm.a(fixsfsi.o)
                                                  /usr/lib/gcc/avr/4.3.5/../../../avr/lib/avr5/libm.a(divsf3x.o)
__fp_zero                                         /usr/lib/gcc/avr/4.3.5/../../../avr/lib/avr5/libm.a(fp_zero.o)
                                                  /usr/lib/gcc/avr/4.3.5/../../../avr/lib/avr5/libm.a(fixunssfsi.o)
                                                  /usr/lib/gcc/avr/4.3.5/../../../avr/lib/avr5/libm.a(addsf3x.o)
__heap_end                                        /usr/lib/gcc/avr/4.3.5/../../../avr/lib/avr5/crtm328p.o
                                                  /usr/lib/gcc/avr/4.3.5/../../../avr/lib/avr5/libc.a(malloc.o)
__heap_start                                      /usr/lib/gcc/avr/4.3.5/../../../avr/lib/avr5/libc.a(malloc.o)
__init                                            /usr/lib/gcc/avr/4.3.5/../../../avr/lib/avr5/crtm328p.o
__lesf2                                           /usr/lib/gcc/avr/4.3.5/../../../avr/lib/avr5/libm.a(cmpsf2.o)
__ltsf2                                           /usr/lib/gcc/avr/4.3.5/../../../avr/lib/avr5/libm.a(cmpsf2.o)
                                                  ../../ArduinoCore/Release//libArduinoCore.a(Print.o)
__malloc_heap_end                                 /usr/lib/gcc/avr/4.3.5/../../../avr/lib/avr5/libc.a(malloc.o)
                                                  /usr/lib/gcc/avr/4.3.5/../../../avr/lib/avr5/libc.a(realloc.o)
__malloc_heap_start                               /usr/lib/gcc/avr/4.3.5/../../../avr/lib/avr5/libc.a(malloc.o)
__malloc_margin                                   /usr/lib/gcc/avr/4.3.5/../../../avr/lib/avr5/libc.a(malloc.o)
                                                  /usr/lib/gcc/avr/4.3.5/../../../avr/lib/avr5/libc.a(realloc.o)
__mulhi_const_10                                  /usr/lib/gcc/avr/4.3.5/../../../avr/lib/avr5/libc.a(mul10.o)
                                                  /usr/lib/gcc/avr/4.3.5/../../../avr/lib/avr5/libc.a(atoi.o)
__mulsf3                                          /usr/lib/gcc/avr/4.3.5/../../../avr/lib/avr5/libm.a(mulsf3.o)
                                                  /usr/lib/gcc/avr/4.3.5/../../../avr/lib/avr5/libc.a(strtod.o)
                                                  ../../ArduinoCore/Release//libArduinoCore.a(Print.o)
__mulsf3_pse                                      /usr/lib/gcc/avr/4.3.5/../../../avr/lib/avr5/libm.a(mulsf3x.o)
__mulsf3x                                         /usr/lib/gcc/avr/4.3.5/../../../avr/lib/avr5/libm.a(mulsf3x.o)
                                                  /usr/lib/gcc/avr/4.3.5/../../../avr/lib/avr5/libm.a(mulsf3.o)
__mulsi3                                          /usr/lib/gcc/avr/4.3.5/avr5/libgcc.a(_mulsi3.o)
                                                  /usr/lib/gcc/avr/4.3.5/../../../avr/lib/avr5/libc.a(strtol.o)
__mulsi_const_10                                  /usr/lib/gcc/avr/4.3.5/../../../avr/lib/avr5/libc.a(mulsi10.o)
                                                  /usr/lib/gcc/avr/4.3.5/../../../avr/lib/avr5/libc.a(atol.o)
__nesf2                                           /usr/lib/gcc/avr/4.3.5/../../../avr/lib/avr5/libm.a(cmpsf2.o)
                                                  /usr/lib/gcc/avr/4.3.5/../../../avr/lib/avr5/libc.a(strtod.o)
__prologue_saves__                                /usr/lib/gcc/avr/4.3.5/avr5/libgcc.a(_prologue.o)
                                                  /usr/lib/gcc/avr/4.3.5/../../../avr/lib/avr5/libc.a(strtod.o)
                                                  /usr/lib/gcc/avr/4.3.5/../../../avr/lib/avr5/libc.a(realloc.o)
__stack                                           /usr/lib/gcc/avr/4.3.5/../../../avr/lib/avr5/crtm328p.o
__subsf3                                          /usr/lib/gcc/avr/4.3.5/../../../avr/lib/avr5/libm.a(addsf3.o)
                                                  ../../ArduinoCore/Release//libArduinoCore.a(Print.o)
__tablejump2__                                    /usr/lib/gcc/avr/4.3.5/avr5/libgcc.a(_tablejump.o)
__tablejump__                                     /usr/lib/gcc/avr/4.3.5/avr5/libgcc.a(_tablejump.o)
                                                  /usr/lib/gcc/avr/4.3.5/avr5/libgcc.a(_ctors.o)
__udivmodhi4                                      /usr/lib/gcc/avr/4.3.5/avr5/libgcc.a(_udivmodhi4.o)
                                                  /usr/lib/gcc/avr/4.3.5/../../../avr/lib/avr5/libc.a(itoa.o)
__udivmodsi4                                      /usr/lib/gcc/avr/4.3.5/avr5/libgcc.a(_udivmodsi4.o)
                                                  /usr/lib/gcc/avr/4.3.5/../../../avr/lib/avr5/libc.a(ultoa.o)
                                                  /usr/lib/gcc/avr/4.3.5/../../../avr/lib/avr5/libc.a(ltoa.o)
                                                  /usr/lib/gcc/avr/4.3.5/../../../avr/lib/avr5/libc.a(strtol.o)
                                                  ../../ArduinoCore/Release//libArduinoCore.a(Print.o)
                                                  ../../ArduinoCore/Release//libArduinoCore.a(HardwareSerial.o)
__vector_1                                        /usr/lib/gcc/avr/4.3.5/../../../avr/lib/avr5/crtm328p.o
__vector_10                                       /usr/lib/gcc/avr/4.3.5/../../../avr/lib/avr5/crtm328p.o
__vector_11                                       /usr/lib/gcc/avr/4.3.5/../../../avr/lib/avr5/crtm328p.o
__vector_12                                       /usr/lib/gcc/avr/4.3.5/../../../avr/lib/avr5/crtm328p.o
__vector_13                                       /usr/lib/gcc/avr/4.3.5/../../../avr/lib/avr5/crtm328p.o
__vector_14                                       /usr/lib/gcc/avr/4.3.5/../../../avr/lib/avr5/crtm328p.o
__vector_15                                       /usr/lib/gcc/avr/4.3.5/../../../avr/lib/avr5/crtm328p.o
__vector_16                                       ../../ArduinoCore/Release//libArduinoCore.a(wiring.o)
                                                  /usr/lib/gcc/avr/4.3.5/../../../avr/lib/avr5/crtm328p.o
__vector_17                                       /usr/lib/gcc/avr/4.3.5/../../../avr/lib/avr5/crtm328p.o
__vector_18                                       ../../ArduinoCore/Release//libArduinoCore.a(HardwareSerial.o)
                                                  /usr/lib/gcc/avr/4.3.5/../../../avr/lib/avr5/crtm328p.o
__vector_19                                       /usr/lib/gcc/avr/4.3.5/../../../avr/lib/avr5/crtm328p.o
__vector_2                                        /usr/lib/gcc/avr/4.3.5/../../../avr/lib/avr5/crtm328p.o
__vector_20                                       /usr/lib/gcc/avr/4.3.5/../../../avr/lib/avr5/crtm328p.o
__vector_21                                       /usr/lib/gcc/avr/4.3.5/../../../avr/lib/avr5/crtm328p.o
__vector_22                                       /usr/lib/gcc/avr/4.3.5/../../../avr/lib/avr5/crtm328p.o
__vector_23                                       /usr/lib/gcc/avr/4.3.5/../../../avr/lib/avr5/crtm328p.o
__vector_24                                       /usr/lib/gcc/avr/4.3.5/../../../avr/lib/avr5/crtm328p.o
__vector_25                                       /usr/lib/gcc/avr/4.3.5/../../../avr/lib/avr5/crtm328p.o
__vector_3                                        /usr/lib/gcc/avr/4.3.5/../../../avr/lib/avr5/crtm328p.o
__vector_4                                        /usr/lib/gcc/avr/4.3.5/../../../avr/lib/avr5/crtm328p.o
__vector_5                                        /usr/lib/gcc/avr/4.3.5/../../../avr/lib/avr5/crtm328p.o
__vector_6                                        /usr/lib/gcc/avr/4.3.5/../../../avr/lib/avr5/crtm328p.o
__vector_7                                        /usr/lib/gcc/avr/4.3.5/../../../avr/lib/avr5/crtm328p.o
__vector_8                                        /usr/lib/gcc/avr/4.3.5/../../../avr/lib/avr5/crtm328p.o
__vector_9                                        /usr/lib/gcc/avr/4.3.5/../../../avr/lib/avr5/crtm328p.o
__vector_default                                  /usr/lib/gcc/avr/4.3.5/../../../avr/lib/avr5/crtm328p.o
__vectors                                         /usr/lib/gcc/avr/4.3.5/../../../avr/lib/avr5/crtm328p.o
_exit                                             /usr/lib/gcc/avr/4.3.5/avr5/libgcc.a(_exit.o)
airman                                            ./main.o
atoi                                              /usr/lib/gcc/avr/4.3.5/../../../avr/lib/avr5/libc.a(atoi.o)
                                                  ./WindSense/ParseToStruct.o
atol                                              /usr/lib/gcc/avr/4.3.5/../../../avr/lib/avr5/libc.a(atol.o)
                                                  ../../ArduinoCore/Release//libArduinoCore.a(WString.o)
delay                                             ../../ArduinoCore/Release//libArduinoCore.a(wiring.o)
delayMicroseconds                                 ../../ArduinoCore/Release//libArduinoCore.a(wiring.o)
digitalRead                                       ../../ArduinoCore/Release//libArduinoCore.a(wiring_digital.o)
digitalWrite                                      ../../ArduinoCore/Release//libArduinoCore.a(wiring_digital.o)
digital_pin_to_bit_mask_PGM                       ../../ArduinoCore/Release//libArduinoCore.a(pins_arduino.o)
                                                  ../../ArduinoCore/Release//libArduinoCore.a(wiring_digital.o)
digital_pin_to_port_PGM                           ../../ArduinoCore/Release//libArduinoCore.a(pins_arduino.o)
                                                  ../../ArduinoCore/Release//libArduinoCore.a(wiring_digital.o)
digital_pin_to_timer_PGM                          ../../ArduinoCore/Release//libArduinoCore.a(pins_arduino.o)
                                                  ../../ArduinoCore/Release//libArduinoCore.a(wiring_digital.o)
dump()                                            ./main.o
errno                                             /usr/lib/gcc/avr/4.3.5/../../../avr/lib/avr5/libc.a(errno.o)
                                                  /usr/lib/gcc/avr/4.3.5/../../../avr/lib/avr5/libc.a(strtol.o)
                                                  /usr/lib/gcc/avr/4.3.5/../../../avr/lib/avr5/libc.a(strtod.o)
exit                                              /usr/lib/gcc/avr/4.3.5/avr5/libgcc.a(_exit.o)
                                                  /usr/lib/gcc/avr/4.3.5/../../../avr/lib/avr5/crtm328p.o
free                                              /usr/lib/gcc/avr/4.3.5/../../../avr/lib/avr5/libc.a(malloc.o)
                                                  /usr/lib/gcc/avr/4.3.5/../../../avr/lib/avr5/libc.a(realloc.o)
                                                  ../../ArduinoCore/Release//libArduinoCore.a(WString.o)
init                                              ../../ArduinoCore/Release//libArduinoCore.a(wiring.o)
                                                  ./main.o
isspace                                           /usr/lib/gcc/avr/4.3.5/../../../avr/lib/avr5/libc.a(isspace.o)
                                                  /usr/lib/gcc/avr/4.3.5/../../../avr/lib/avr5/libc.a(strtol.o)
                                                  /usr/lib/gcc/avr/4.3.5/../../../avr/lib/avr5/libc.a(strtod.o)
                                                  ../../ArduinoCore/Release//libArduinoCore.a(WString.o)
itoa                                              /usr/lib/gcc/avr/4.3.5/../../../avr/lib/avr5/libc.a(itoa.o)
                                                  ../../ArduinoCore/Release//libArduinoCore.a(WString.o)
loop                                              ./main.o
ltoa                                              /usr/lib/gcc/avr/4.3.5/../../../avr/lib/avr5/libc.a(ltoa.o)
                                                  ../../ArduinoCore/Release//libArduinoCore.a(WString.o)
main                                              ./main.o
                                                  /usr/lib/gcc/avr/4.3.5/../../../avr/lib/avr5/crtm328p.o
malloc                                            /usr/lib/gcc/avr/4.3.5/../../../avr/lib/avr5/libc.a(malloc.o)
                                                  /usr/lib/gcc/avr/4.3.5/../../../avr/lib/avr5/libc.a(realloc.o)
                                                  ../../ArduinoCore/Release//libArduinoCore.a(WString.o)
memcpy                                            /usr/lib/gcc/avr/4.3.5/../../../avr/lib/avr5/libc.a(memcpy.o)
                                                  /usr/lib/gcc/avr/4.3.5/../../../avr/lib/avr5/libc.a(realloc.o)
micros                                            ../../ArduinoCore/Release//libArduinoCore.a(wiring.o)
millis                                            ../../ArduinoCore/Release//libArduinoCore.a(wiring.o)
pinMode                                           ../../ArduinoCore/Release//libArduinoCore.a(wiring_digital.o)
                                                  ./main.o
port_to_input_PGM                                 ../../ArduinoCore/Release//libArduinoCore.a(pins_arduino.o)
                                                  ../../ArduinoCore/Release//libArduinoCore.a(wiring_digital.o)
port_to_mode_PGM                                  ../../ArduinoCore/Release//libArduinoCore.a(pins_arduino.o)
                                                  ../../ArduinoCore/Release//libArduinoCore.a(wiring_digital.o)
port_to_output_PGM                                ../../ArduinoCore/Release//libArduinoCore.a(pins_arduino.o)
                                                  ../../ArduinoCore/Release//libArduinoCore.a(wiring_digital.o)
realloc                                           /usr/lib/gcc/avr/4.3.5/../../../avr/lib/avr5/libc.a(realloc.o)
                                                  ../../ArduinoCore/Release//libArduinoCore.a(WString.o)
rx_buffer                                         ../../ArduinoCore/Release//libArduinoCore.a(HardwareSerial.o)
setup                                             ./main.o
strcat                                            /usr/lib/gcc/avr/4.3.5/../../../avr/lib/avr5/libc.a(strcat.o)
                                                  ../../ArduinoCore/Release//libArduinoCore.a(WString.o)
strchr                                            /usr/lib/gcc/avr/4.3.5/../../../avr/lib/avr5/libc.a(strchr.o)
                                                  ../../ArduinoCore/Release//libArduinoCore.a(WString.o)
strcmp                                            /usr/lib/gcc/avr/4.3.5/../../../avr/lib/avr5/libc.a(strcmp.o)
                                                  ../../ArduinoCore/Release//libArduinoCore.a(WString.o)
                                                  ./WindSense/ParseToStruct.o
strcpy                                            /usr/lib/gcc/avr/4.3.5/../../../avr/lib/avr5/libc.a(strcpy.o)
                                                  ../../ArduinoCore/Release//libArduinoCore.a(WString.o)
strncasecmp_P                                     /usr/lib/gcc/avr/4.3.5/../../../avr/lib/avr5/libc.a(strncasecmp_P.o)
                                                  /usr/lib/gcc/avr/4.3.5/../../../avr/lib/avr5/libc.a(strtod.o)
strncmp                                           /usr/lib/gcc/avr/4.3.5/../../../avr/lib/avr5/libc.a(strncmp.o)
                                                  ../../ArduinoCore/Release//libArduinoCore.a(WString.o)
strncpy                                           /usr/lib/gcc/avr/4.3.5/../../../avr/lib/avr5/libc.a(strncpy.o)
                                                  ../../ArduinoCore/Release//libArduinoCore.a(WString.o)
strrchr                                           /usr/lib/gcc/avr/4.3.5/../../../avr/lib/avr5/libc.a(strrchr.o)
                                                  ../../ArduinoCore/Release//libArduinoCore.a(WString.o)
strrev                                            /usr/lib/gcc/avr/4.3.5/../../../avr/lib/avr5/libc.a(strrev.o)
                                                  /usr/lib/gcc/avr/4.3.5/../../../avr/lib/avr5/libc.a(ultoa.o)
                                                  /usr/lib/gcc/avr/4.3.5/../../../avr/lib/avr5/libc.a(ltoa.o)
                                                  /usr/lib/gcc/avr/4.3.5/../../../avr/lib/avr5/libc.a(itoa.o)
strstr                                            /usr/lib/gcc/avr/4.3.5/../../../avr/lib/avr5/libc.a(strstr.o)
                                                  ../../ArduinoCore/Release//libArduinoCore.a(WString.o)
strtod                                            /usr/lib/gcc/avr/4.3.5/../../../avr/lib/avr5/libc.a(strtod.o)
                                                  ./WindSense/ParseToStruct.o
strtol                                            /usr/lib/gcc/avr/4.3.5/../../../avr/lib/avr5/libc.a(strtol.o)
                                                  ./WindSense/WindSense.o
timer0_millis                                     ../../ArduinoCore/Release//libArduinoCore.a(wiring.o)
timer0_overflow_count                             ../../ArduinoCore/Release//libArduinoCore.a(wiring.o)
tolower                                           /usr/lib/gcc/avr/4.3.5/../../../avr/lib/avr5/libc.a(tolower.o)
                                                  ../../ArduinoCore/Release//libArduinoCore.a(WString.o)
toupper                                           /usr/lib/gcc/avr/4.3.5/../../../avr/lib/avr5/libc.a(toupper.o)
                                                  ../../ArduinoCore/Release//libArduinoCore.a(WString.o)
ultoa                                             /usr/lib/gcc/avr/4.3.5/../../../avr/lib/avr5/libc.a(ultoa.o)
                                                  ../../ArduinoCore/Release//libArduinoCore.a(WString.o)
vtable for HardwareSerial                         ../../ArduinoCore/Release//libArduinoCore.a(HardwareSerial.o)
vtable for Print                                  ../../ArduinoCore/Release//libArduinoCore.a(Print.o)
vtable for Stream                                 ../../ArduinoCore/Release//libArduinoCore.a(HardwareSerial.o)
