Archive member included because of file (symbol)

../../ArduinoCore/Release//libArduinoCore.a(HardwareSerial.o)
                              ./main.o (HardwareSerial::begin(long))
../../ArduinoCore/Release//libArduinoCore.a(Print.o)
                              ../../ArduinoCore/Release//libArduinoCore.a(HardwareSerial.o) (Print::write(char const*))
../../ArduinoCore/Release//libArduinoCore.a(WString.o)
                              ../../ArduinoCore/Release//libArduinoCore.a(Print.o) (String::operator[](unsigned int) const)
../../ArduinoCore/Release//libArduinoCore.a(wiring.o)
                              ./main.o (init)
../../ArduinoCore/Release//libArduinoCore.a(wiring_digital.o)
                              ./main.o (pinMode)
../../ArduinoCore/Release//libArduinoCore.a(pins_arduino.o)
                              ../../ArduinoCore/Release//libArduinoCore.a(wiring_digital.o) (port_to_mode_PGM)
/usr/local/CrossPack-AVR-20100115/lib/gcc/avr/4.3.3/avr6/libgcc.a(_udivmodsi4.o)
                              ../../ArduinoCore/Release//libArduinoCore.a(HardwareSerial.o) (__udivmodsi4)
/usr/local/CrossPack-AVR-20100115/lib/gcc/avr/4.3.3/avr6/libgcc.a(_exit.o)
                              /usr/local/CrossPack-AVR-20100115/lib/gcc/avr/4.3.3/../../../../avr/lib/avr6/crtm2560.o (exit)
/usr/local/CrossPack-AVR-20100115/lib/gcc/avr/4.3.3/avr6/libgcc.a(_clear_bss.o)
                              ../../ArduinoCore/Release//libArduinoCore.a(HardwareSerial.o) (__do_clear_bss)
/usr/local/CrossPack-AVR-20100115/lib/gcc/avr/4.3.3/avr6/libgcc.a(_ctors.o)
                              ../../ArduinoCore/Release//libArduinoCore.a(HardwareSerial.o) (__do_global_ctors)
/usr/local/CrossPack-AVR-20100115/lib/gcc/avr/4.3.3/avr6/libgcc.a(_fixunssfsi.o)
                              ../../ArduinoCore/Release//libArduinoCore.a(Print.o) (__fixunssfsi)
/usr/local/CrossPack-AVR-20100115/lib/gcc/avr/4.3.3/avr6/libgcc.a(_addsub_sf.o)
                              ../../ArduinoCore/Release//libArduinoCore.a(Print.o) (__subsf3)
/usr/local/CrossPack-AVR-20100115/lib/gcc/avr/4.3.3/avr6/libgcc.a(_mul_sf.o)
                              ../../ArduinoCore/Release//libArduinoCore.a(Print.o) (__mulsf3)
/usr/local/CrossPack-AVR-20100115/lib/gcc/avr/4.3.3/avr6/libgcc.a(_div_sf.o)
                              ../../ArduinoCore/Release//libArduinoCore.a(Print.o) (__divsf3)
/usr/local/CrossPack-AVR-20100115/lib/gcc/avr/4.3.3/avr6/libgcc.a(_ge_sf.o)
                              /usr/local/CrossPack-AVR-20100115/lib/gcc/avr/4.3.3/avr6/libgcc.a(_fixunssfsi.o) (__gesf2)
/usr/local/CrossPack-AVR-20100115/lib/gcc/avr/4.3.3/avr6/libgcc.a(_lt_sf.o)
                              ../../ArduinoCore/Release//libArduinoCore.a(Print.o) (__ltsf2)
/usr/local/CrossPack-AVR-20100115/lib/gcc/avr/4.3.3/avr6/libgcc.a(_si_to_sf.o)
                              ../../ArduinoCore/Release//libArduinoCore.a(Print.o) (__floatsisf)
/usr/local/CrossPack-AVR-20100115/lib/gcc/avr/4.3.3/avr6/libgcc.a(_sf_to_si.o)
                              ../../ArduinoCore/Release//libArduinoCore.a(Print.o) (__fixsfsi)
/usr/local/CrossPack-AVR-20100115/lib/gcc/avr/4.3.3/avr6/libgcc.a(_thenan_sf.o)
                              /usr/local/CrossPack-AVR-20100115/lib/gcc/avr/4.3.3/avr6/libgcc.a(_addsub_sf.o) (__thenan_sf)
/usr/local/CrossPack-AVR-20100115/lib/gcc/avr/4.3.3/avr6/libgcc.a(_usi_to_sf.o)
                              ../../ArduinoCore/Release//libArduinoCore.a(Print.o) (__floatunsisf)
/usr/local/CrossPack-AVR-20100115/lib/gcc/avr/4.3.3/avr6/libgcc.a(_prologue.o)
                              /usr/local/CrossPack-AVR-20100115/lib/gcc/avr/4.3.3/avr6/libgcc.a(_addsub_sf.o) (__prologue_saves__)
/usr/local/CrossPack-AVR-20100115/lib/gcc/avr/4.3.3/avr6/libgcc.a(_epilogue.o)
                              /usr/local/CrossPack-AVR-20100115/lib/gcc/avr/4.3.3/avr6/libgcc.a(_addsub_sf.o) (__epilogue_restores__)
/usr/local/CrossPack-AVR-20100115/lib/gcc/avr/4.3.3/avr6/libgcc.a(_tablejump.o)
                              /usr/local/CrossPack-AVR-20100115/lib/gcc/avr/4.3.3/avr6/libgcc.a(_ctors.o) (__tablejump__)
/usr/local/CrossPack-AVR-20100115/lib/gcc/avr/4.3.3/avr6/libgcc.a(_clzsi2.o)
                              /usr/local/CrossPack-AVR-20100115/lib/gcc/avr/4.3.3/avr6/libgcc.a(_si_to_sf.o) (__clzsi2)
/usr/local/CrossPack-AVR-20100115/lib/gcc/avr/4.3.3/avr6/libgcc.a(_pack_sf.o)
                              /usr/local/CrossPack-AVR-20100115/lib/gcc/avr/4.3.3/avr6/libgcc.a(_addsub_sf.o) (__pack_f)
/usr/local/CrossPack-AVR-20100115/lib/gcc/avr/4.3.3/avr6/libgcc.a(_unpack_sf.o)
                              /usr/local/CrossPack-AVR-20100115/lib/gcc/avr/4.3.3/avr6/libgcc.a(_addsub_sf.o) (__unpack_f)
/usr/local/CrossPack-AVR-20100115/lib/gcc/avr/4.3.3/avr6/libgcc.a(_fpcmp_parts_sf.o)
                              /usr/local/CrossPack-AVR-20100115/lib/gcc/avr/4.3.3/avr6/libgcc.a(_ge_sf.o) (__fpcmp_parts_f)
/usr/local/CrossPack-AVR-20100115/lib/gcc/avr/4.3.3/avr6/libgcc.a(_clz.o)
[...]
Memory Configuration

Name             Origin             Length             Attributes
text             0x00000000         0x00100000         xr
data             0x00800200         0x0000fe00         rw !x
eeprom           0x00810000         0x00010000         rw !x
fuse             0x00820000         0x00000400         rw !x
lock             0x00830000         0x00000400         rw !x
signature        0x00840000         0x00000400         rw !x
*default*        0x00000000         0xffffffff

Linker script and memory map

Address of section .data set to 0x800200
LOAD /usr/local/CrossPack-AVR-20100115/lib/gcc/avr/4.3.3/../../../../avr/lib/avr6/crtm2560.o
LOAD ./main.o
LOAD ../../ArduinoCore/Release//libArduinoCore.a
LOAD /usr/local/CrossPack-AVR-20100115/lib/gcc/avr/4.3.3/avr6/libgcc.a
LOAD /usr/local/CrossPack-AVR-20100115/lib/gcc/avr/4.3.3/../../../../avr/lib/avr6/libm.a
LOAD /usr/local/CrossPack-AVR-20100115/lib/gcc/avr/4.3.3/avr6/libgcc.a
LOAD /usr/local/CrossPack-AVR-20100115/lib/gcc/avr/4.3.3/../../../../avr/lib/avr6/libc.a
LOAD /usr/local/CrossPack-AVR-20100115/lib/gcc/avr/4.3.3/avr6/libgcc.a

.hash
 *(.hash)

.dynsym
 *(.dynsym)

.dynstr
 *(.dynstr)

.gnu.version
 *(.gnu.version)

.gnu.version_d
 *(.gnu.version_d)

.gnu.version_r
 *(.gnu.version_r)

.rel.init
 *(.rel.init)

.rela.init
 *(.rela.init)

.rel.text
 *(.rel.text)
 *(.rel.text.*)
 *(.rel.gnu.linkonce.t*)

.rela.text
 *(.rela.text)
 *(.rela.text.*)
 *(.rela.gnu.linkonce.t*)

.rel.fini
 *(.rel.fini)

.rela.fini
 *(.rela.fini)

.rel.rodata
 *(.rel.rodata)
 *(.rel.rodata.*)
 *(.rel.gnu.linkonce.r*)

.rela.rodata
 *(.rela.rodata)
 *(.rela.rodata.*)
 *(.rela.gnu.linkonce.r*)

.rel.data
 *(.rel.data)
 *(.rel.data.*)
 *(.rel.gnu.linkonce.d*)

.rela.data
 *(.rela.data)
 *(.rela.data.*)
 *(.rela.gnu.linkonce.d*)

.rel.ctors
 *(.rel.ctors)

.rela.ctors
 *(.rela.ctors)

.rel.dtors
 *(.rel.dtors)

.rela.dtors
 *(.rela.dtors)

.rel.got
 *(.rel.got)

.rela.got
 *(.rela.got)

.rel.bss
 *(.rel.bss)

.rela.bss
 *(.rela.bss)

.rel.plt
 *(.rel.plt)

.rela.plt
 *(.rela.plt)

.text           0x00000000      0xbbc
 *(.vectors)
 .vectors       0x00000000       0xe4 /usr/local/CrossPack-AVR-20100115/lib/gcc/avr/4.3.3/../../../../avr/lib/avr6/crtm2560.o
                0x00000000                __vectors
                0x00000000                __vector_default
 *(.vectors)
 *(.progmem.gcc*)
 *(.progmem*)
 .progmem.data  0x000000e4      0x120 ../../ArduinoCore/Release//libArduinoCore.a(pins_arduino.o)
                0x000000e4                port_to_mode_PGM
                0x00000132                digital_pin_to_port_PGM
                0x00000178                digital_pin_to_bit_mask_PGM
                0x000000fe                port_to_output_PGM
                0x00000118                port_to_input_PGM
                0x000001be                digital_pin_to_timer_PGM
                0x00000204                . = ALIGN (0x2)
                0x00000204                __trampolines_start = .
 *(.trampolines)
 .trampolines   0x00000204        0x0 linker stubs
 *(.trampolines*)
                0x00000204                __trampolines_end = .
 *(.jumptables)
 *(.jumptables*)
 *(.lowtext)
 *(.lowtext*)
                0x00000204                __ctors_start = .
 *(.ctors)
 .ctors         0x00000204        0x2 ../../ArduinoCore/Release//libArduinoCore.a(HardwareSerial.o)
                0x00000206                __ctors_end = .
                0x00000206                __dtors_start = .
 *(.dtors)
                0x00000206                __dtors_end = .
 SORT(*)(.ctors)
 SORT(*)(.dtors)
 *(.init0)
 .init0         0x00000206        0x0 /usr/local/CrossPack-AVR-20100115/lib/gcc/avr/4.3.3/../../../../avr/lib/avr6/crtm2560.o
                0x00000206                __init
 *(.init0)
 *(.init1)
 *(.init1)
 *(.init2)
 .init2         0x00000206       0x10 /usr/local/CrossPack-AVR-20100115/lib/gcc/avr/4.3.3/../../../../avr/lib/avr6/crtm2560.o
 *(.init2)
 *(.init3)
 *(.init3)
 *(.init4)
 .init4         0x00000216       0x1a /usr/local/CrossPack-AVR-20100115/lib/gcc/avr/4.3.3/../../../../avr/lib/avr6/crtm2560.o
                0x00000216                __do_copy_data
 .init4         0x00000230       0x10 /usr/local/CrossPack-AVR-20100115/lib/gcc/avr/4.3.3/avr6/libgcc.a(_clear_bss.o)
                0x00000230                __do_clear_bss
 *(.init4)
 *(.init5)
 *(.init5)
 *(.init6)
 .init6         0x00000240       0x16 /usr/local/CrossPack-AVR-20100115/lib/gcc/avr/4.3.3/avr6/libgcc.a(_ctors.o)
                0x00000240                __do_global_ctors
 *(.init6)
 *(.init7)
 *(.init7)
 *(.init8)
 *(.init8)
 *(.init9)
 .init9         0x00000256        0x8 /usr/local/CrossPack-AVR-20100115/lib/gcc/avr/4.3.3/../../../../avr/lib/avr6/crtm2560.o
 *(.init9)
 *(.text)
 .text          0x0000025e        0x4 /usr/local/CrossPack-AVR-20100115/lib/gcc/avr/4.3.3/../../../../avr/lib/avr6/crtm2560.o
                0x0000025e                __vector_38
                0x0000025e                __vector_22
                0x0000025e                __vector_28
                0x0000025e                __vector_1
                0x0000025e                __vector_32
                0x0000025e                __vector_34
                0x0000025e                __vector_24
                0x0000025e                __vector_12
                0x0000025e                __vector_55
                0x0000025e                __vector_46
                0x0000025e                __bad_interrupt
                0x0000025e                __vector_6
                0x0000025e                __vector_31
                0x0000025e                __vector_35
                0x0000025e                __vector_39
                0x0000025e                __vector_3
                0x0000025e                __vector_30
                0x0000025e                __vector_45
                0x0000025e                __vector_11
                0x0000025e                __vector_13
                0x0000025e                __vector_17
                0x0000025e                __vector_19
                0x0000025e                __vector_56
                0x0000025e                __vector_7
                0x0000025e                __vector_49
                0x0000025e                __vector_41
                0x0000025e                __vector_43
                0x0000025e                __vector_27
                0x0000025e                __vector_5
                0x0000025e                __vector_33
                0x0000025e                __vector_47
                0x0000025e                __vector_52
                0x0000025e                __vector_37
                0x0000025e                __vector_4
                0x0000025e                __vector_44
                0x0000025e                __vector_9
                0x0000025e                __vector_2
                0x0000025e                __vector_21
                0x0000025e                __vector_15
                0x0000025e                __vector_29
                0x0000025e                __vector_40
                0x0000025e                __vector_8
                0x0000025e                __vector_26
                0x0000025e                __vector_48
                0x0000025e                __vector_14
                0x0000025e                __vector_53
                0x0000025e                __vector_10
                0x0000025e                __vector_50
                0x0000025e                __vector_16
                0x0000025e                __vector_18
                0x0000025e                __vector_20
                0x0000025e                __vector_42
                0x00000262                . = ALIGN (0x2)
 *(.text.*)
 .text.loop     0x00000262       0x24 ./main.o
                0x00000262                loop
 .text.setup    0x00000286       0x2a ./main.o
                0x00000286                setup
 .text.main     0x000002b0        0xe ./main.o
                0x000002b0                main
 .text.__vector_25
                0x000002be       0x6a ../../ArduinoCore/Release//libArduinoCore.a(HardwareSerial.o)
                0x000002be                __vector_25
 .text.__vector_36
                0x00000328       0x6a ../../ArduinoCore/Release//libArduinoCore.a(HardwareSerial.o)
                0x00000328                __vector_36
 .text.__vector_51
                0x00000392       0x6a ../../ArduinoCore/Release//libArduinoCore.a(HardwareSerial.o)
                0x00000392                __vector_51
 .text.__vector_54
                0x000003fc       0x6a ../../ArduinoCore/Release//libArduinoCore.a(HardwareSerial.o)
                0x000003fc                __vector_54
 .text._ZN14HardwareSerial5beginEl
                0x00000466       0xb2 ../../ArduinoCore/Release//libArduinoCore.a(HardwareSerial.o)
                0x00000466                HardwareSerial::begin(long)
 .text._ZN14HardwareSerial9availableEv
                0x00000518       0x22 ../../ArduinoCore/Release//libArduinoCore.a(HardwareSerial.o)
                0x00000518                HardwareSerial::available()
 .text._ZN14HardwareSerial4peekEv
                0x0000053a       0x34 ../../ArduinoCore/Release//libArduinoCore.a(HardwareSerial.o)
                0x0000053a                HardwareSerial::peek()
 .text._ZN14HardwareSerial4readEv
                0x0000056e       0x48 ../../ArduinoCore/Release//libArduinoCore.a(HardwareSerial.o)
                0x0000056e                HardwareSerial::read()
 .text._ZN14HardwareSerial5flushEv
                0x000005b6       0x18 ../../ArduinoCore/Release//libArduinoCore.a(HardwareSerial.o)
                0x000005b6                HardwareSerial::flush()
 .text._ZN14HardwareSerial5writeEh
                0x000005ce       0x26 ../../ArduinoCore/Release//libArduinoCore.a(HardwareSerial.o)
                0x000005ce                HardwareSerial::write(unsigned char)
 .text._GLOBAL__I_rx_buffer
                0x000005f4      0x1a0 ../../ArduinoCore/Release//libArduinoCore.a(HardwareSerial.o)
 .text._ZN5Print5writeEPKc
                0x00000794       0x30 ../../ArduinoCore/Release//libArduinoCore.a(Print.o)
                0x00000794                Print::write(char const*)
 .text._ZN5Print5writeEPKhj
                0x000007c4       0x3e ../../ArduinoCore/Release//libArduinoCore.a(Print.o)
                0x000007c4                Print::write(unsigned char const*, unsigned int)
 .text._ZN5Print11printNumberEmh
                0x00000802      0x134 ../../ArduinoCore/Release//libArduinoCore.a(Print.o)
                0x00000802                Print::printNumber(unsigned long, unsigned char)
 .text._ZN5Print5printEli
                0x00000936       0x6c ../../ArduinoCore/Release//libArduinoCore.a(Print.o)
                0x00000936                Print::print(long, int)
 .text._ZN5Print5printEii
                0x000009a2       0x26 ../../ArduinoCore/Release//libArduinoCore.a(Print.o)
                0x000009a2                Print::print(int, int)
 .text.__vector_23
                0x000009c8       0x90 ../../ArduinoCore/Release//libArduinoCore.a(wiring.o)
                0x000009c8                __vector_23
 .text.init     0x00000a58       0xc4 ../../ArduinoCore/Release//libArduinoCore.a(wiring.o)
                0x00000a58                init
 .text.pinMode  0x00000b1c       0x4c ../../ArduinoCore/Release//libArduinoCore.a(wiring_digital.o)
                0x00000b1c                pinMode
 .text.libgcc   0x00000b68       0x44 /usr/local/CrossPack-AVR-20100115/lib/gcc/avr/4.3.3/avr6/libgcc.a(_udivmodsi4.o)
                0x00000b68                __udivmodsi4
 .text.libgcc   0x00000bac        0xc /usr/local/CrossPack-AVR-20100115/lib/gcc/avr/4.3.3/avr6/libgcc.a(_tablejump.o)
                0x00000bb0                __tablejump__
                0x00000bac                __tablejump2__
                0x00000bb8                . = ALIGN (0x2)
 *(.fini9)
 .fini9         0x00000bb8        0x0 /usr/local/CrossPack-AVR-20100115/lib/gcc/avr/4.3.3/avr6/libgcc.a(_exit.o)
                0x00000bb8                exit
                0x00000bb8                _exit
 *(.fini9)
 *(.fini8)
 *(.fini8)
 *(.fini7)
 *(.fini7)
 *(.fini6)
 *(.fini6)
 *(.fini5)
 *(.fini5)
 *(.fini4)
 *(.fini4)
 *(.fini3)
 *(.fini3)
 *(.fini2)
 *(.fini2)
 *(.fini1)
 *(.fini1)
 *(.fini0)
 .fini0         0x00000bb8        0x4 /usr/local/CrossPack-AVR-20100115/lib/gcc/avr/4.3.3/avr6/libgcc.a(_exit.o)
 *(.fini0)
                0x00000bbc                _etext = .

.data           0x00800200       0x12 load address 0x00000bbc
                0x00800200                PROVIDE (__data_start, .)
 *(.data)
 *(.data*)
 *(.rodata)
 *(.rodata*)
 .rodata._ZTV14HardwareSerial
                0x00800200       0x12 ../../ArduinoCore/Release//libArduinoCore.a(HardwareSerial.o)
                0x00800200                vtable for HardwareSerial
 *(.gnu.linkonce.d*)
                0x00800212                . = ALIGN (0x2)
                0x00800212                _edata = .
                0x00800212                PROVIDE (__data_end, .)

.bss            0x00800212      0x265
                0x00800212                PROVIDE (__bss_start, .)
 *(.bss)
 *(.bss*)
 .bss.rx_buffer
                0x00800212       0x84 ../../ArduinoCore/Release//libArduinoCore.a(HardwareSerial.o)
                0x00800212                rx_buffer
 .bss.rx_buffer1
                0x00800296       0x84 ../../ArduinoCore/Release//libArduinoCore.a(HardwareSerial.o)
                0x00800296                rx_buffer1
 .bss.rx_buffer2
                0x0080031a       0x84 ../../ArduinoCore/Release//libArduinoCore.a(HardwareSerial.o)
                0x0080031a                rx_buffer2
 .bss.rx_buffer3
                0x0080039e       0x84 ../../ArduinoCore/Release//libArduinoCore.a(HardwareSerial.o)
                0x0080039e                rx_buffer3
 .bss.Serial    0x00800422       0x13 ../../ArduinoCore/Release//libArduinoCore.a(HardwareSerial.o)
                0x00800422                Serial
 .bss.Serial1   0x00800435       0x13 ../../ArduinoCore/Release//libArduinoCore.a(HardwareSerial.o)
                0x00800435                Serial1
 .bss.Serial2   0x00800448       0x13 ../../ArduinoCore/Release//libArduinoCore.a(HardwareSerial.o)
                0x00800448                Serial2
 .bss.Serial3   0x0080045b       0x13 ../../ArduinoCore/Release//libArduinoCore.a(HardwareSerial.o)
                0x0080045b                Serial3
 .bss.timer0_overflow_count
                0x0080046e        0x4 ../../ArduinoCore/Release//libArduinoCore.a(wiring.o)
                0x0080046e                timer0_overflow_count
 .bss.timer0_millis
                0x00800472        0x4 ../../ArduinoCore/Release//libArduinoCore.a(wiring.o)
                0x00800472                timer0_millis
 .bss.timer0_fract
                0x00800476        0x1 ../../ArduinoCore/Release//libArduinoCore.a(wiring.o)
 *(COMMON)
                0x00800477                PROVIDE (__bss_end, .)
                0x00000bbc                __data_load_start = LOADADDR (.data)
                0x00000bce                __data_load_end = (__data_load_start + SIZEOF (.data))

.noinit         0x00800477        0x0
                0x00800477                PROVIDE (__noinit_start, .)
 *(.noinit*)
                0x00800477                PROVIDE (__noinit_end, .)
                0x00800477                _end = .
                0x00800477                PROVIDE (__heap_start, .)

.eeprom         0x00810000        0x0
 *(.eeprom*)
                0x00810000                __eeprom_end = .

.fuse
 *(.fuse)
 *(.lfuse)
 *(.hfuse)
 *(.efuse)

.lock
 *(.lock*)

.signature
 *(.signature*)

.stab
 *(.stab)

.stabstr
 *(.stabstr)

.stab.excl
 *(.stab.excl)

.stab.exclstr
 *(.stab.exclstr)

.stab.index
 *(.stab.index)

.stab.indexstr
 *(.stab.indexstr)

.comment
 *(.comment)

.debug
 *(.debug)

.line
 *(.line)

.debug_srcinfo
 *(.debug_srcinfo)

.debug_sfnames
 *(.debug_sfnames)

.debug_aranges
 *(.debug_aranges)

.debug_pubnames
 *(.debug_pubnames)

.debug_info
 *(.debug_info)
 *(.gnu.linkonce.wi.*)

.debug_abbrev
 *(.debug_abbrev)

.debug_line
 *(.debug_line)

.debug_frame
 *(.debug_frame)

.debug_str
 *(.debug_str)

.debug_loc
 *(.debug_loc)

.debug_macinfo
 *(.debug_macinfo)
OUTPUT(Blink.elf elf32-avr)
LOAD linker stubs

.debug_ranges

Cross Reference Table

Symbol                                            File
HardwareSerial::HardwareSerial(ring_buffer*, unsigned char volatile*, unsigned char volatile*, unsigned char volatile*, unsigned char volatile*, unsigned char volatile*, unsigned char, unsigned char, unsigned char, unsigned char, unsigned char) ../../ArduinoCore/Release//libArduinoCore.a(HardwareSerial.o)
HardwareSerial::HardwareSerial(ring_buffer*, unsigned char volatile*, unsigned char volatile*, unsigned char volatile*, unsigned char volatile*, unsigned char volatile*, unsigned char, unsigned char, unsigned char, unsigned char, unsigned char) ../../ArduinoCore/Release//libArduinoCore.a(HardwareSerial.o)
HardwareSerial::available()                       ../../ArduinoCore/Release//libArduinoCore.a(HardwareSerial.o)
                                                  ./main.o
HardwareSerial::begin(long)                       ../../ArduinoCore/Release//libArduinoCore.a(HardwareSerial.o)
                                                  ./main.o
HardwareSerial::end()                             ../../ArduinoCore/Release//libArduinoCore.a(HardwareSerial.o)
HardwareSerial::flush()                           ../../ArduinoCore/Release//libArduinoCore.a(HardwareSerial.o)
HardwareSerial::peek()                            ../../ArduinoCore/Release//libArduinoCore.a(HardwareSerial.o)
HardwareSerial::read()                            ../../ArduinoCore/Release//libArduinoCore.a(HardwareSerial.o)
                                                  ./main.o
HardwareSerial::write(unsigned char)              ../../ArduinoCore/Release//libArduinoCore.a(HardwareSerial.o)
Print::print(String const&)                       ../../ArduinoCore/Release//libArduinoCore.a(Print.o)
Print::print(char const*)                         ../../ArduinoCore/Release//libArduinoCore.a(Print.o)
Print::print(char, int)                           ../../ArduinoCore/Release//libArduinoCore.a(Print.o)
Print::print(double, int)                         ../../ArduinoCore/Release//libArduinoCore.a(Print.o)
Print::print(int, int)                            ../../ArduinoCore/Release//libArduinoCore.a(Print.o)
                                                  ./main.o
Print::print(long, int)                           ../../ArduinoCore/Release//libArduinoCore.a(Print.o)
Print::print(unsigned char, int)                  ../../ArduinoCore/Release//libArduinoCore.a(Print.o)
Print::print(unsigned int, int)                   ../../ArduinoCore/Release//libArduinoCore.a(Print.o)
Print::print(unsigned long, int)                  ../../ArduinoCore/Release//libArduinoCore.a(Print.o)
Print::printFloat(double, unsigned char)          ../../ArduinoCore/Release//libArduinoCore.a(Print.o)
Print::printNumber(unsigned long, unsigned char)  ../../ArduinoCore/Release//libArduinoCore.a(Print.o)
Print::println()                                  ../../ArduinoCore/Release//libArduinoCore.a(Print.o)
Print::println(String const&)                     ../../ArduinoCore/Release//libArduinoCore.a(Print.o)
Print::println(char const*)                       ../../ArduinoCore/Release//libArduinoCore.a(Print.o)
Print::println(char, int)                         ../../ArduinoCore/Release//libArduinoCore.a(Print.o)
Print::println(double, int)                       ../../ArduinoCore/Release//libArduinoCore.a(Print.o)
Print::println(int, int)                          ../../ArduinoCore/Release//libArduinoCore.a(Print.o)
Print::println(long, int)                         ../../ArduinoCore/Release//libArduinoCore.a(Print.o)
Print::println(unsigned char, int)                ../../ArduinoCore/Release//libArduinoCore.a(Print.o)
Print::println(unsigned int, int)                 ../../ArduinoCore/Release//libArduinoCore.a(Print.o)
Print::println(unsigned long, int)                ../../ArduinoCore/Release//libArduinoCore.a(Print.o)
Print::write(char const*)                         ../../ArduinoCore/Release//libArduinoCore.a(Print.o)
                                                  ../../ArduinoCore/Release//libArduinoCore.a(HardwareSerial.o)
Print::write(unsigned char const*, unsigned int)  ../../ArduinoCore/Release//libArduinoCore.a(Print.o)
                                                  ../../ArduinoCore/Release//libArduinoCore.a(HardwareSerial.o)
Serial                                            ../../ArduinoCore/Release//libArduinoCore.a(HardwareSerial.o)
                                                  ./main.o
Serial1                                           ../../ArduinoCore/Release//libArduinoCore.a(HardwareSerial.o)
Serial2                                           ../../ArduinoCore/Release//libArduinoCore.a(HardwareSerial.o)
Serial3                                           ../../ArduinoCore/Release//libArduinoCore.a(HardwareSerial.o)
                                                  ./main.o
String::String(String const&)                     ../../ArduinoCore/Release//libArduinoCore.a(WString.o)
String::String(String const&)                     ../../ArduinoCore/Release//libArduinoCore.a(WString.o)
String::String(char const*)                       ../../ArduinoCore/Release//libArduinoCore.a(WString.o)
String::String(char const*)                       ../../ArduinoCore/Release//libArduinoCore.a(WString.o)
String::String(char)                              ../../ArduinoCore/Release//libArduinoCore.a(WString.o)
String::String(char)                              ../../ArduinoCore/Release//libArduinoCore.a(WString.o)
String::String(int, int)                          ../../ArduinoCore/Release//libArduinoCore.a(WString.o)
String::String(int, int)                          ../../ArduinoCore/Release//libArduinoCore.a(WString.o)
String::String(long, int)                         ../../ArduinoCore/Release//libArduinoCore.a(WString.o)
String::String(long, int)                         ../../ArduinoCore/Release//libArduinoCore.a(WString.o)
String::String(unsigned char)                     ../../ArduinoCore/Release//libArduinoCore.a(WString.o)
String::String(unsigned char)                     ../../ArduinoCore/Release//libArduinoCore.a(WString.o)
String::String(unsigned int, int)                 ../../ArduinoCore/Release//libArduinoCore.a(WString.o)
String::String(unsigned int, int)                 ../../ArduinoCore/Release//libArduinoCore.a(WString.o)
String::String(unsigned long, int)                ../../ArduinoCore/Release//libArduinoCore.a(WString.o)
String::String(unsigned long, int)                ../../ArduinoCore/Release//libArduinoCore.a(WString.o)
String::charAt(unsigned int) const                ../../ArduinoCore/Release//libArduinoCore.a(WString.o)
String::compareTo(String const&) const            ../../ArduinoCore/Release//libArduinoCore.a(WString.o)
String::concat(String const&)                     ../../ArduinoCore/Release//libArduinoCore.a(WString.o)
String::endsWith(String const&) const             ../../ArduinoCore/Release//libArduinoCore.a(WString.o)
String::equals(String const&) const               ../../ArduinoCore/Release//libArduinoCore.a(WString.o)
String::equalsIgnoreCase(String const&) const     ../../ArduinoCore/Release//libArduinoCore.a(WString.o)
String::getBuffer(unsigned int)                   ../../ArduinoCore/Release//libArduinoCore.a(WString.o)
String::getBytes(unsigned char*, unsigned int)    ../../ArduinoCore/Release//libArduinoCore.a(WString.o)
String::indexOf(String const&) const              ../../ArduinoCore/Release//libArduinoCore.a(WString.o)
String::indexOf(String const&, unsigned int) const ../../ArduinoCore/Release//libArduinoCore.a(WString.o)
String::indexOf(char) const                       ../../ArduinoCore/Release//libArduinoCore.a(WString.o)
String::indexOf(char, unsigned int) const         ../../ArduinoCore/Release//libArduinoCore.a(WString.o)
String::lastIndexOf(String const&) const          ../../ArduinoCore/Release//libArduinoCore.a(WString.o)
String::lastIndexOf(String const&, unsigned int) const ../../ArduinoCore/Release//libArduinoCore.a(WString.o)
String::lastIndexOf(char) const                   ../../ArduinoCore/Release//libArduinoCore.a(WString.o)
String::lastIndexOf(char, unsigned int) const     ../../ArduinoCore/Release//libArduinoCore.a(WString.o)
String::operator!=(String const&) const           ../../ArduinoCore/Release//libArduinoCore.a(WString.o)
String::operator+=(String const&)                 ../../ArduinoCore/Release//libArduinoCore.a(WString.o)
String::operator<(String const&) const            ../../ArduinoCore/Release//libArduinoCore.a(WString.o)
String::operator<=(String const&) const           ../../ArduinoCore/Release//libArduinoCore.a(WString.o)
String::operator=(String const&)                  ../../ArduinoCore/Release//libArduinoCore.a(WString.o)
String::operator==(String const&) const           ../../ArduinoCore/Release//libArduinoCore.a(WString.o)
String::operator>(String const&) const            ../../ArduinoCore/Release//libArduinoCore.a(WString.o)
String::operator>=(String const&) const           ../../ArduinoCore/Release//libArduinoCore.a(WString.o)
String::operator[](unsigned int)                  ../../ArduinoCore/Release//libArduinoCore.a(WString.o)
String::operator[](unsigned int) const            ../../ArduinoCore/Release//libArduinoCore.a(WString.o)
                                                  ../../ArduinoCore/Release//libArduinoCore.a(Print.o)
String::replace(String const&, String const&)     ../../ArduinoCore/Release//libArduinoCore.a(WString.o)
String::replace(char, char)                       ../../ArduinoCore/Release//libArduinoCore.a(WString.o)
String::setCharAt(unsigned int, char)             ../../ArduinoCore/Release//libArduinoCore.a(WString.o)
String::startsWith(String const&) const           ../../ArduinoCore/Release//libArduinoCore.a(WString.o)
String::startsWith(String const&, unsigned int) const ../../ArduinoCore/Release//libArduinoCore.a(WString.o)
String::substring(unsigned int) const             ../../ArduinoCore/Release//libArduinoCore.a(WString.o)
String::substring(unsigned int, unsigned int) const ../../ArduinoCore/Release//libArduinoCore.a(WString.o)
String::toCharArray(char*, unsigned int)          ../../ArduinoCore/Release//libArduinoCore.a(WString.o)
String::toInt()                                   ../../ArduinoCore/Release//libArduinoCore.a(WString.o)
String::toLowerCase() const                       ../../ArduinoCore/Release//libArduinoCore.a(WString.o)
String::toUpperCase() const                       ../../ArduinoCore/Release//libArduinoCore.a(WString.o)
String::trim() const                              ../../ArduinoCore/Release//libArduinoCore.a(WString.o)
String::~String()                                 ../../ArduinoCore/Release//libArduinoCore.a(WString.o)
__addsf3                                          /usr/local/CrossPack-AVR-20100115/lib/gcc/avr/4.3.3/avr6/libgcc.a(_addsub_sf.o)
                                                  ../../ArduinoCore/Release//libArduinoCore.a(Print.o)
__bad_interrupt                                   /usr/local/CrossPack-AVR-20100115/lib/gcc/avr/4.3.3/../../../../avr/lib/avr6/crtm2560.o
__brkval                                          /usr/local/CrossPack-AVR-20100115/lib/gcc/avr/4.3.3/../../../../avr/lib/avr6/libc.a(realloc.o)
                                                  /usr/local/CrossPack-AVR-20100115/lib/gcc/avr/4.3.3/../../../../avr/lib/avr6/libc.a(malloc.o)
__bss_end                                         /usr/local/CrossPack-AVR-20100115/lib/gcc/avr/4.3.3/avr6/libgcc.a(_clear_bss.o)
__bss_start                                       /usr/local/CrossPack-AVR-20100115/lib/gcc/avr/4.3.3/avr6/libgcc.a(_clear_bss.o)
__clz_tab                                         /usr/local/CrossPack-AVR-20100115/lib/gcc/avr/4.3.3/avr6/libgcc.a(_clz.o)
                                                  /usr/local/CrossPack-AVR-20100115/lib/gcc/avr/4.3.3/avr6/libgcc.a(_clzsi2.o)
__clzsi2                                          /usr/local/CrossPack-AVR-20100115/lib/gcc/avr/4.3.3/avr6/libgcc.a(_clzsi2.o)
                                                  /usr/local/CrossPack-AVR-20100115/lib/gcc/avr/4.3.3/avr6/libgcc.a(_usi_to_sf.o)
                                                  /usr/local/CrossPack-AVR-20100115/lib/gcc/avr/4.3.3/avr6/libgcc.a(_si_to_sf.o)
__ctors_end                                       /usr/local/CrossPack-AVR-20100115/lib/gcc/avr/4.3.3/avr6/libgcc.a(_ctors.o)
__ctors_start                                     /usr/local/CrossPack-AVR-20100115/lib/gcc/avr/4.3.3/avr6/libgcc.a(_ctors.o)
__ctype_isfalse                                   /usr/local/CrossPack-AVR-20100115/lib/gcc/avr/4.3.3/../../../../avr/lib/avr6/libc.a(cty_isfalse.o)
                                                  /usr/local/CrossPack-AVR-20100115/lib/gcc/avr/4.3.3/../../../../avr/lib/avr6/libc.a(isspace.o)
__ctype_istrue                                    /usr/local/CrossPack-AVR-20100115/lib/gcc/avr/4.3.3/../../../../avr/lib/avr6/libc.a(cty_isfalse.o)
__cxa_pure_virtual                                ../../ArduinoCore/Release//libArduinoCore.a(Print.o)
                                                  ../../ArduinoCore/Release//libArduinoCore.a(HardwareSerial.o)
__data_end                                        /usr/local/CrossPack-AVR-20100115/lib/gcc/avr/4.3.3/../../../../avr/lib/avr6/crtm2560.o
__data_load_start                                 /usr/local/CrossPack-AVR-20100115/lib/gcc/avr/4.3.3/../../../../avr/lib/avr6/crtm2560.o
__data_start                                      /usr/local/CrossPack-AVR-20100115/lib/gcc/avr/4.3.3/../../../../avr/lib/avr6/crtm2560.o
__divsf3                                          /usr/local/CrossPack-AVR-20100115/lib/gcc/avr/4.3.3/avr6/libgcc.a(_div_sf.o)
                                                  ../../ArduinoCore/Release//libArduinoCore.a(Print.o)
__do_clear_bss                                    /usr/local/CrossPack-AVR-20100115/lib/gcc/avr/4.3.3/avr6/libgcc.a(_clear_bss.o)
                                                  /usr/local/CrossPack-AVR-20100115/lib/gcc/avr/4.3.3/../../../../avr/lib/avr6/libc.a(malloc.o)
                                                  ../../ArduinoCore/Release//libArduinoCore.a(wiring.o)
                                                  ../../ArduinoCore/Release//libArduinoCore.a(WString.o)
                                                  ../../ArduinoCore/Release//libArduinoCore.a(HardwareSerial.o)
__do_copy_data                                    /usr/local/CrossPack-AVR-20100115/lib/gcc/avr/4.3.3/../../../../avr/lib/avr6/crtm2560.o
                                                  /usr/local/CrossPack-AVR-20100115/lib/gcc/avr/4.3.3/../../../../avr/lib/avr6/libc.a(malloc.o)
                                                  /usr/local/CrossPack-AVR-20100115/lib/gcc/avr/4.3.3/avr6/libgcc.a(_clz.o)
                                                  /usr/local/CrossPack-AVR-20100115/lib/gcc/avr/4.3.3/avr6/libgcc.a(_thenan_sf.o)
                                                  ../../ArduinoCore/Release//libArduinoCore.a(WString.o)
                                                  ../../ArduinoCore/Release//libArduinoCore.a(Print.o)
                                                  ../../ArduinoCore/Release//libArduinoCore.a(HardwareSerial.o)
__do_global_ctors                                 /usr/local/CrossPack-AVR-20100115/lib/gcc/avr/4.3.3/avr6/libgcc.a(_ctors.o)
                                                  ../../ArduinoCore/Release//libArduinoCore.a(HardwareSerial.o)
__epilogue_restores__                             /usr/local/CrossPack-AVR-20100115/lib/gcc/avr/4.3.3/avr6/libgcc.a(_epilogue.o)
                                                  /usr/local/CrossPack-AVR-20100115/lib/gcc/avr/4.3.3/avr6/libgcc.a(_usi_to_sf.o)
                                                  /usr/local/CrossPack-AVR-20100115/lib/gcc/avr/4.3.3/avr6/libgcc.a(_sf_to_si.o)
                                                  /usr/local/CrossPack-AVR-20100115/lib/gcc/avr/4.3.3/avr6/libgcc.a(_si_to_sf.o)
                                                  /usr/local/CrossPack-AVR-20100115/lib/gcc/avr/4.3.3/avr6/libgcc.a(_lt_sf.o)
                                                  /usr/local/CrossPack-AVR-20100115/lib/gcc/avr/4.3.3/avr6/libgcc.a(_ge_sf.o)
                                                  /usr/local/CrossPack-AVR-20100115/lib/gcc/avr/4.3.3/avr6/libgcc.a(_div_sf.o)
                                                  /usr/local/CrossPack-AVR-20100115/lib/gcc/avr/4.3.3/avr6/libgcc.a(_mul_sf.o)
                                                  /usr/local/CrossPack-AVR-20100115/lib/gcc/avr/4.3.3/avr6/libgcc.a(_addsub_sf.o)
__fixsfsi                                         /usr/local/CrossPack-AVR-20100115/lib/gcc/avr/4.3.3/avr6/libgcc.a(_sf_to_si.o)
                                                  /usr/local/CrossPack-AVR-20100115/lib/gcc/avr/4.3.3/avr6/libgcc.a(_fixunssfsi.o)
                                                  ../../ArduinoCore/Release//libArduinoCore.a(Print.o)
__fixunssfsi                                      /usr/local/CrossPack-AVR-20100115/lib/gcc/avr/4.3.3/avr6/libgcc.a(_fixunssfsi.o)
                                                  ../../ArduinoCore/Release//libArduinoCore.a(Print.o)
__floatsisf                                       /usr/local/CrossPack-AVR-20100115/lib/gcc/avr/4.3.3/avr6/libgcc.a(_si_to_sf.o)
                                                  ../../ArduinoCore/Release//libArduinoCore.a(Print.o)
__floatunsisf                                     /usr/local/CrossPack-AVR-20100115/lib/gcc/avr/4.3.3/avr6/libgcc.a(_usi_to_sf.o)
                                                  ../../ArduinoCore/Release//libArduinoCore.a(Print.o)
__flp                                             /usr/local/CrossPack-AVR-20100115/lib/gcc/avr/4.3.3/../../../../avr/lib/avr6/libc.a(realloc.o)
                                                  /usr/local/CrossPack-AVR-20100115/lib/gcc/avr/4.3.3/../../../../avr/lib/avr6/libc.a(malloc.o)
__fpcmp_parts_f                                   /usr/local/CrossPack-AVR-20100115/lib/gcc/avr/4.3.3/avr6/libgcc.a(_fpcmp_parts_sf.o)
                                                  /usr/local/CrossPack-AVR-20100115/lib/gcc/avr/4.3.3/avr6/libgcc.a(_lt_sf.o)
                                                  /usr/local/CrossPack-AVR-20100115/lib/gcc/avr/4.3.3/avr6/libgcc.a(_ge_sf.o)
__gesf2                                           /usr/local/CrossPack-AVR-20100115/lib/gcc/avr/4.3.3/avr6/libgcc.a(_ge_sf.o)
                                                  /usr/local/CrossPack-AVR-20100115/lib/gcc/avr/4.3.3/avr6/libgcc.a(_fixunssfsi.o)
__heap_end                                        /usr/local/CrossPack-AVR-20100115/lib/gcc/avr/4.3.3/../../../../avr/lib/avr6/crtm2560.o
                                                  /usr/local/CrossPack-AVR-20100115/lib/gcc/avr/4.3.3/../../../../avr/lib/avr6/libc.a(malloc.o)
__heap_start                                      /usr/local/CrossPack-AVR-20100115/lib/gcc/avr/4.3.3/../../../../avr/lib/avr6/libc.a(malloc.o)
__init                                            /usr/local/CrossPack-AVR-20100115/lib/gcc/avr/4.3.3/../../../../avr/lib/avr6/crtm2560.o
__ltsf2                                           /usr/local/CrossPack-AVR-20100115/lib/gcc/avr/4.3.3/avr6/libgcc.a(_lt_sf.o)
                                                  ../../ArduinoCore/Release//libArduinoCore.a(Print.o)
__malloc_heap_end                                 /usr/local/CrossPack-AVR-20100115/lib/gcc/avr/4.3.3/../../../../avr/lib/avr6/libc.a(malloc.o)
                                                  /usr/local/CrossPack-AVR-20100115/lib/gcc/avr/4.3.3/../../../../avr/lib/avr6/libc.a(realloc.o)
__malloc_heap_start                               /usr/local/CrossPack-AVR-20100115/lib/gcc/avr/4.3.3/../../../../avr/lib/avr6/libc.a(malloc.o)
__malloc_margin                                   /usr/local/CrossPack-AVR-20100115/lib/gcc/avr/4.3.3/../../../../avr/lib/avr6/libc.a(malloc.o)
                                                  /usr/local/CrossPack-AVR-20100115/lib/gcc/avr/4.3.3/../../../../avr/lib/avr6/libc.a(realloc.o)
__mulsf3                                          /usr/local/CrossPack-AVR-20100115/lib/gcc/avr/4.3.3/avr6/libgcc.a(_mul_sf.o)
                                                  ../../ArduinoCore/Release//libArduinoCore.a(Print.o)
__mulsi_const_10                                  /usr/local/CrossPack-AVR-20100115/lib/gcc/avr/4.3.3/../../../../avr/lib/avr6/libc.a(mulsi10.o)
                                                  /usr/local/CrossPack-AVR-20100115/lib/gcc/avr/4.3.3/../../../../avr/lib/avr6/libc.a(atol.o)
__pack_f                                          /usr/local/CrossPack-AVR-20100115/lib/gcc/avr/4.3.3/avr6/libgcc.a(_pack_sf.o)
                                                  /usr/local/CrossPack-AVR-20100115/lib/gcc/avr/4.3.3/avr6/libgcc.a(_usi_to_sf.o)
                                                  /usr/local/CrossPack-AVR-20100115/lib/gcc/avr/4.3.3/avr6/libgcc.a(_si_to_sf.o)
                                                  /usr/local/CrossPack-AVR-20100115/lib/gcc/avr/4.3.3/avr6/libgcc.a(_div_sf.o)
                                                  /usr/local/CrossPack-AVR-20100115/lib/gcc/avr/4.3.3/avr6/libgcc.a(_mul_sf.o)
                                                  /usr/local/CrossPack-AVR-20100115/lib/gcc/avr/4.3.3/avr6/libgcc.a(_addsub_sf.o)
__prologue_saves__                                /usr/local/CrossPack-AVR-20100115/lib/gcc/avr/4.3.3/avr6/libgcc.a(_prologue.o)
                                                  /usr/local/CrossPack-AVR-20100115/lib/gcc/avr/4.3.3/avr6/libgcc.a(_usi_to_sf.o)
                                                  /usr/local/CrossPack-AVR-20100115/lib/gcc/avr/4.3.3/avr6/libgcc.a(_sf_to_si.o)
                                                  /usr/local/CrossPack-AVR-20100115/lib/gcc/avr/4.3.3/avr6/libgcc.a(_si_to_sf.o)
                                                  /usr/local/CrossPack-AVR-20100115/lib/gcc/avr/4.3.3/avr6/libgcc.a(_lt_sf.o)
                                                  /usr/local/CrossPack-AVR-20100115/lib/gcc/avr/4.3.3/avr6/libgcc.a(_ge_sf.o)
                                                  /usr/local/CrossPack-AVR-20100115/lib/gcc/avr/4.3.3/avr6/libgcc.a(_div_sf.o)
                                                  /usr/local/CrossPack-AVR-20100115/lib/gcc/avr/4.3.3/avr6/libgcc.a(_mul_sf.o)
                                                  /usr/local/CrossPack-AVR-20100115/lib/gcc/avr/4.3.3/avr6/libgcc.a(_addsub_sf.o)
__stack                                           /usr/local/CrossPack-AVR-20100115/lib/gcc/avr/4.3.3/../../../../avr/lib/avr6/crtm2560.o
__subsf3                                          /usr/local/CrossPack-AVR-20100115/lib/gcc/avr/4.3.3/avr6/libgcc.a(_addsub_sf.o)
                                                  /usr/local/CrossPack-AVR-20100115/lib/gcc/avr/4.3.3/avr6/libgcc.a(_fixunssfsi.o)
                                                  ../../ArduinoCore/Release//libArduinoCore.a(Print.o)
__tablejump2__                                    /usr/local/CrossPack-AVR-20100115/lib/gcc/avr/4.3.3/avr6/libgcc.a(_tablejump.o)
__tablejump__                                     /usr/local/CrossPack-AVR-20100115/lib/gcc/avr/4.3.3/avr6/libgcc.a(_tablejump.o)
                                                  /usr/local/CrossPack-AVR-20100115/lib/gcc/avr/4.3.3/avr6/libgcc.a(_ctors.o)
__thenan_sf                                       /usr/local/CrossPack-AVR-20100115/lib/gcc/avr/4.3.3/avr6/libgcc.a(_thenan_sf.o)
                                                  /usr/local/CrossPack-AVR-20100115/lib/gcc/avr/4.3.3/avr6/libgcc.a(_div_sf.o)
                                                  /usr/local/CrossPack-AVR-20100115/lib/gcc/avr/4.3.3/avr6/libgcc.a(_mul_sf.o)
                                                  /usr/local/CrossPack-AVR-20100115/lib/gcc/avr/4.3.3/avr6/libgcc.a(_addsub_sf.o)
__udivmodhi4                                      /usr/local/CrossPack-AVR-20100115/lib/gcc/avr/4.3.3/avr6/libgcc.a(_udivmodhi4.o)
                                                  /usr/local/CrossPack-AVR-20100115/lib/gcc/avr/4.3.3/../../../../avr/lib/avr6/libc.a(itoa.o)
__udivmodsi4                                      /usr/local/CrossPack-AVR-20100115/lib/gcc/avr/4.3.3/avr6/libgcc.a(_udivmodsi4.o)
                                                  /usr/local/CrossPack-AVR-20100115/lib/gcc/avr/4.3.3/../../../../avr/lib/avr6/libc.a(ultoa.o)
                                                  /usr/local/CrossPack-AVR-20100115/lib/gcc/avr/4.3.3/../../../../avr/lib/avr6/libc.a(ltoa.o)
                                                  ../../ArduinoCore/Release//libArduinoCore.a(Print.o)
                                                  ../../ArduinoCore/Release//libArduinoCore.a(HardwareSerial.o)
__unpack_f                                        /usr/local/CrossPack-AVR-20100115/lib/gcc/avr/4.3.3/avr6/libgcc.a(_unpack_sf.o)
                                                  /usr/local/CrossPack-AVR-20100115/lib/gcc/avr/4.3.3/avr6/libgcc.a(_sf_to_si.o)
                                                  /usr/local/CrossPack-AVR-20100115/lib/gcc/avr/4.3.3/avr6/libgcc.a(_lt_sf.o)
                                                  /usr/local/CrossPack-AVR-20100115/lib/gcc/avr/4.3.3/avr6/libgcc.a(_ge_sf.o)
                                                  /usr/local/CrossPack-AVR-20100115/lib/gcc/avr/4.3.3/avr6/libgcc.a(_div_sf.o)
                                                  /usr/local/CrossPack-AVR-20100115/lib/gcc/avr/4.3.3/avr6/libgcc.a(_mul_sf.o)
                                                  /usr/local/CrossPack-AVR-20100115/lib/gcc/avr/4.3.3/avr6/libgcc.a(_addsub_sf.o)
__vector_1                                        /usr/local/CrossPack-AVR-20100115/lib/gcc/avr/4.3.3/../../../../avr/lib/avr6/crtm2560.o
__vector_10                                       /usr/local/CrossPack-AVR-20100115/lib/gcc/avr/4.3.3/../../../../avr/lib/avr6/crtm2560.o
__vector_11                                       /usr/local/CrossPack-AVR-20100115/lib/gcc/avr/4.3.3/../../../../avr/lib/avr6/crtm2560.o
__vector_12                                       /usr/local/CrossPack-AVR-20100115/lib/gcc/avr/4.3.3/../../../../avr/lib/avr6/crtm2560.o
__vector_13                                       /usr/local/CrossPack-AVR-20100115/lib/gcc/avr/4.3.3/../../../../avr/lib/avr6/crtm2560.o
__vector_14                                       /usr/local/CrossPack-AVR-20100115/lib/gcc/avr/4.3.3/../../../../avr/lib/avr6/crtm2560.o
__vector_15                                       /usr/local/CrossPack-AVR-20100115/lib/gcc/avr/4.3.3/../../../../avr/lib/avr6/crtm2560.o
__vector_16                                       /usr/local/CrossPack-AVR-20100115/lib/gcc/avr/4.3.3/../../../../avr/lib/avr6/crtm2560.o
__vector_17                                       /usr/local/CrossPack-AVR-20100115/lib/gcc/avr/4.3.3/../../../../avr/lib/avr6/crtm2560.o
__vector_18                                       /usr/local/CrossPack-AVR-20100115/lib/gcc/avr/4.3.3/../../../../avr/lib/avr6/crtm2560.o
__vector_19                                       /usr/local/CrossPack-AVR-20100115/lib/gcc/avr/4.3.3/../../../../avr/lib/avr6/crtm2560.o
__vector_2                                        /usr/local/CrossPack-AVR-20100115/lib/gcc/avr/4.3.3/../../../../avr/lib/avr6/crtm2560.o
__vector_20                                       /usr/local/CrossPack-AVR-20100115/lib/gcc/avr/4.3.3/../../../../avr/lib/avr6/crtm2560.o
__vector_21                                       /usr/local/CrossPack-AVR-20100115/lib/gcc/avr/4.3.3/../../../../avr/lib/avr6/crtm2560.o
__vector_22                                       /usr/local/CrossPack-AVR-20100115/lib/gcc/avr/4.3.3/../../../../avr/lib/avr6/crtm2560.o
__vector_23                                       ../../ArduinoCore/Release//libArduinoCore.a(wiring.o)
                                                  /usr/local/CrossPack-AVR-20100115/lib/gcc/avr/4.3.3/../../../../avr/lib/avr6/crtm2560.o
__vector_24                                       /usr/local/CrossPack-AVR-20100115/lib/gcc/avr/4.3.3/../../../../avr/lib/avr6/crtm2560.o
__vector_25                                       ../../ArduinoCore/Release//libArduinoCore.a(HardwareSerial.o)
                                                  /usr/local/CrossPack-AVR-20100115/lib/gcc/avr/4.3.3/../../../../avr/lib/avr6/crtm2560.o
__vector_26                                       /usr/local/CrossPack-AVR-20100115/lib/gcc/avr/4.3.3/../../../../avr/lib/avr6/crtm2560.o
__vector_27                                       /usr/local/CrossPack-AVR-20100115/lib/gcc/avr/4.3.3/../../../../avr/lib/avr6/crtm2560.o
__vector_28                                       /usr/local/CrossPack-AVR-20100115/lib/gcc/avr/4.3.3/../../../../avr/lib/avr6/crtm2560.o
__vector_29                                       /usr/local/CrossPack-AVR-20100115/lib/gcc/avr/4.3.3/../../../../avr/lib/avr6/crtm2560.o
__vector_3                                        /usr/local/CrossPack-AVR-20100115/lib/gcc/avr/4.3.3/../../../../avr/lib/avr6/crtm2560.o
__vector_30                                       /usr/local/CrossPack-AVR-20100115/lib/gcc/avr/4.3.3/../../../../avr/lib/avr6/crtm2560.o
__vector_31                                       /usr/local/CrossPack-AVR-20100115/lib/gcc/avr/4.3.3/../../../../avr/lib/avr6/crtm2560.o
__vector_32                                       /usr/local/CrossPack-AVR-20100115/lib/gcc/avr/4.3.3/../../../../avr/lib/avr6/crtm2560.o
__vector_33                                       /usr/local/CrossPack-AVR-20100115/lib/gcc/avr/4.3.3/../../../../avr/lib/avr6/crtm2560.o
__vector_34                                       /usr/local/CrossPack-AVR-20100115/lib/gcc/avr/4.3.3/../../../../avr/lib/avr6/crtm2560.o
__vector_35                                       /usr/local/CrossPack-AVR-20100115/lib/gcc/avr/4.3.3/../../../../avr/lib/avr6/crtm2560.o
__vector_36                                       ../../ArduinoCore/Release//libArduinoCore.a(HardwareSerial.o)
                                                  /usr/local/CrossPack-AVR-20100115/lib/gcc/avr/4.3.3/../../../../avr/lib/avr6/crtm2560.o
__vector_37                                       /usr/local/CrossPack-AVR-20100115/lib/gcc/avr/4.3.3/../../../../avr/lib/avr6/crtm2560.o
__vector_38                                       /usr/local/CrossPack-AVR-20100115/lib/gcc/avr/4.3.3/../../../../avr/lib/avr6/crtm2560.o
__vector_39                                       /usr/local/CrossPack-AVR-20100115/lib/gcc/avr/4.3.3/../../../../avr/lib/avr6/crtm2560.o
__vector_4                                        /usr/local/CrossPack-AVR-20100115/lib/gcc/avr/4.3.3/../../../../avr/lib/avr6/crtm2560.o
__vector_40                                       /usr/local/CrossPack-AVR-20100115/lib/gcc/avr/4.3.3/../../../../avr/lib/avr6/crtm2560.o
__vector_41                                       /usr/local/CrossPack-AVR-20100115/lib/gcc/avr/4.3.3/../../../../avr/lib/avr6/crtm2560.o
__vector_42                                       /usr/local/CrossPack-AVR-20100115/lib/gcc/avr/4.3.3/../../../../avr/lib/avr6/crtm2560.o
__vector_43                                       /usr/local/CrossPack-AVR-20100115/lib/gcc/avr/4.3.3/../../../../avr/lib/avr6/crtm2560.o
__vector_44                                       /usr/local/CrossPack-AVR-20100115/lib/gcc/avr/4.3.3/../../../../avr/lib/avr6/crtm2560.o
__vector_45                                       /usr/local/CrossPack-AVR-20100115/lib/gcc/avr/4.3.3/../../../../avr/lib/avr6/crtm2560.o
__vector_46                                       /usr/local/CrossPack-AVR-20100115/lib/gcc/avr/4.3.3/../../../../avr/lib/avr6/crtm2560.o
__vector_47                                       /usr/local/CrossPack-AVR-20100115/lib/gcc/avr/4.3.3/../../../../avr/lib/avr6/crtm2560.o
__vector_48                                       /usr/local/CrossPack-AVR-20100115/lib/gcc/avr/4.3.3/../../../../avr/lib/avr6/crtm2560.o
__vector_49                                       /usr/local/CrossPack-AVR-20100115/lib/gcc/avr/4.3.3/../../../../avr/lib/avr6/crtm2560.o
__vector_5                                        /usr/local/CrossPack-AVR-20100115/lib/gcc/avr/4.3.3/../../../../avr/lib/avr6/crtm2560.o
__vector_50                                       /usr/local/CrossPack-AVR-20100115/lib/gcc/avr/4.3.3/../../../../avr/lib/avr6/crtm2560.o
__vector_51                                       ../../ArduinoCore/Release//libArduinoCore.a(HardwareSerial.o)
                                                  /usr/local/CrossPack-AVR-20100115/lib/gcc/avr/4.3.3/../../../../avr/lib/avr6/crtm2560.o
__vector_52                                       /usr/local/CrossPack-AVR-20100115/lib/gcc/avr/4.3.3/../../../../avr/lib/avr6/crtm2560.o
__vector_53                                       /usr/local/CrossPack-AVR-20100115/lib/gcc/avr/4.3.3/../../../../avr/lib/avr6/crtm2560.o
__vector_54                                       ../../ArduinoCore/Release//libArduinoCore.a(HardwareSerial.o)
                                                  /usr/local/CrossPack-AVR-20100115/lib/gcc/avr/4.3.3/../../../../avr/lib/avr6/crtm2560.o
__vector_55                                       /usr/local/CrossPack-AVR-20100115/lib/gcc/avr/4.3.3/../../../../avr/lib/avr6/crtm2560.o
__vector_56                                       /usr/local/CrossPack-AVR-20100115/lib/gcc/avr/4.3.3/../../../../avr/lib/avr6/crtm2560.o
__vector_6                                        /usr/local/CrossPack-AVR-20100115/lib/gcc/avr/4.3.3/../../../../avr/lib/avr6/crtm2560.o
__vector_7                                        /usr/local/CrossPack-AVR-20100115/lib/gcc/avr/4.3.3/../../../../avr/lib/avr6/crtm2560.o
__vector_8                                        /usr/local/CrossPack-AVR-20100115/lib/gcc/avr/4.3.3/../../../../avr/lib/avr6/crtm2560.o
__vector_9                                        /usr/local/CrossPack-AVR-20100115/lib/gcc/avr/4.3.3/../../../../avr/lib/avr6/crtm2560.o
__vector_default                                  /usr/local/CrossPack-AVR-20100115/lib/gcc/avr/4.3.3/../../../../avr/lib/avr6/crtm2560.o
__vectors                                         /usr/local/CrossPack-AVR-20100115/lib/gcc/avr/4.3.3/../../../../avr/lib/avr6/crtm2560.o
_exit                                             /usr/local/CrossPack-AVR-20100115/lib/gcc/avr/4.3.3/avr6/libgcc.a(_exit.o)
atol                                              /usr/local/CrossPack-AVR-20100115/lib/gcc/avr/4.3.3/../../../../avr/lib/avr6/libc.a(atol.o)
                                                  ../../ArduinoCore/Release//libArduinoCore.a(WString.o)
delay                                             ../../ArduinoCore/Release//libArduinoCore.a(wiring.o)
delayMicroseconds                                 ../../ArduinoCore/Release//libArduinoCore.a(wiring.o)
digitalRead                                       ../../ArduinoCore/Release//libArduinoCore.a(wiring_digital.o)
digitalWrite                                      ../../ArduinoCore/Release//libArduinoCore.a(wiring_digital.o)
digital_pin_to_bit_mask_PGM                       ../../ArduinoCore/Release//libArduinoCore.a(pins_arduino.o)
                                                  ../../ArduinoCore/Release//libArduinoCore.a(wiring_digital.o)
digital_pin_to_port_PGM                           ../../ArduinoCore/Release//libArduinoCore.a(pins_arduino.o)
                                                  ../../ArduinoCore/Release//libArduinoCore.a(wiring_digital.o)
digital_pin_to_timer_PGM                          ../../ArduinoCore/Release//libArduinoCore.a(pins_arduino.o)
                                                  ../../ArduinoCore/Release//libArduinoCore.a(wiring_digital.o)
exit                                              /usr/local/CrossPack-AVR-20100115/lib/gcc/avr/4.3.3/avr6/libgcc.a(_exit.o)
                                                  /usr/local/CrossPack-AVR-20100115/lib/gcc/avr/4.3.3/../../../../avr/lib/avr6/crtm2560.o
free                                              /usr/local/CrossPack-AVR-20100115/lib/gcc/avr/4.3.3/../../../../avr/lib/avr6/libc.a(malloc.o)
                                                  /usr/local/CrossPack-AVR-20100115/lib/gcc/avr/4.3.3/../../../../avr/lib/avr6/libc.a(realloc.o)
                                                  ../../ArduinoCore/Release//libArduinoCore.a(WString.o)
init                                              ../../ArduinoCore/Release//libArduinoCore.a(wiring.o)
                                                  ./main.o
isspace                                           /usr/local/CrossPack-AVR-20100115/lib/gcc/avr/4.3.3/../../../../avr/lib/avr6/libc.a(isspace.o)
                                                  ../../ArduinoCore/Release//libArduinoCore.a(WString.o)
itoa                                              /usr/local/CrossPack-AVR-20100115/lib/gcc/avr/4.3.3/../../../../avr/lib/avr6/libc.a(itoa.o)
                                                  ../../ArduinoCore/Release//libArduinoCore.a(WString.o)
loop                                              ./main.o
ltoa                                              /usr/local/CrossPack-AVR-20100115/lib/gcc/avr/4.3.3/../../../../avr/lib/avr6/libc.a(ltoa.o)
                                                  ../../ArduinoCore/Release//libArduinoCore.a(WString.o)
main                                              ./main.o
                                                  /usr/local/CrossPack-AVR-20100115/lib/gcc/avr/4.3.3/../../../../avr/lib/avr6/crtm2560.o
malloc                                            /usr/local/CrossPack-AVR-20100115/lib/gcc/avr/4.3.3/../../../../avr/lib/avr6/libc.a(malloc.o)
                                                  /usr/local/CrossPack-AVR-20100115/lib/gcc/avr/4.3.3/../../../../avr/lib/avr6/libc.a(realloc.o)
                                                  ../../ArduinoCore/Release//libArduinoCore.a(WString.o)
memcpy                                            /usr/local/CrossPack-AVR-20100115/lib/gcc/avr/4.3.3/../../../../avr/lib/avr6/libc.a(memcpy.o)
                                                  /usr/local/CrossPack-AVR-20100115/lib/gcc/avr/4.3.3/../../../../avr/lib/avr6/libc.a(realloc.o)
micros                                            ../../ArduinoCore/Release//libArduinoCore.a(wiring.o)
millis                                            ../../ArduinoCore/Release//libArduinoCore.a(wiring.o)
pinMode                                           ../../ArduinoCore/Release//libArduinoCore.a(wiring_digital.o)
                                                  ./main.o
port_to_input_PGM                                 ../../ArduinoCore/Release//libArduinoCore.a(pins_arduino.o)
                                                  ../../ArduinoCore/Release//libArduinoCore.a(wiring_digital.o)
port_to_mode_PGM                                  ../../ArduinoCore/Release//libArduinoCore.a(pins_arduino.o)
                                                  ../../ArduinoCore/Release//libArduinoCore.a(wiring_digital.o)
port_to_output_PGM                                ../../ArduinoCore/Release//libArduinoCore.a(pins_arduino.o)
                                                  ../../ArduinoCore/Release//libArduinoCore.a(wiring_digital.o)
realloc                                           /usr/local/CrossPack-AVR-20100115/lib/gcc/avr/4.3.3/../../../../avr/lib/avr6/libc.a(realloc.o)
                                                  ../../ArduinoCore/Release//libArduinoCore.a(WString.o)
rx_buffer                                         ../../ArduinoCore/Release//libArduinoCore.a(HardwareSerial.o)
rx_buffer1                                        ../../ArduinoCore/Release//libArduinoCore.a(HardwareSerial.o)
rx_buffer2                                        ../../ArduinoCore/Release//libArduinoCore.a(HardwareSerial.o)
rx_buffer3                                        ../../ArduinoCore/Release//libArduinoCore.a(HardwareSerial.o)
setup                                             ./main.o
strcat                                            /usr/local/CrossPack-AVR-20100115/lib/gcc/avr/4.3.3/../../../../avr/lib/avr6/libc.a(strcat.o)
                                                  ../../ArduinoCore/Release//libArduinoCore.a(WString.o)
strchr                                            /usr/local/CrossPack-AVR-20100115/lib/gcc/avr/4.3.3/../../../../avr/lib/avr6/libc.a(strchr.o)
                                                  ../../ArduinoCore/Release//libArduinoCore.a(WString.o)
strcmp                                            /usr/local/CrossPack-AVR-20100115/lib/gcc/avr/4.3.3/../../../../avr/lib/avr6/libc.a(strcmp.o)
                                                  ../../ArduinoCore/Release//libArduinoCore.a(WString.o)
strcpy                                            /usr/local/CrossPack-AVR-20100115/lib/gcc/avr/4.3.3/../../../../avr/lib/avr6/libc.a(strcpy.o)
                                                  ../../ArduinoCore/Release//libArduinoCore.a(WString.o)
strncmp                                           /usr/local/CrossPack-AVR-20100115/lib/gcc/avr/4.3.3/../../../../avr/lib/avr6/libc.a(strncmp.o)
                                                  ../../ArduinoCore/Release//libArduinoCore.a(WString.o)
strncpy                                           /usr/local/CrossPack-AVR-20100115/lib/gcc/avr/4.3.3/../../../../avr/lib/avr6/libc.a(strncpy.o)
                                                  ../../ArduinoCore/Release//libArduinoCore.a(WString.o)
strrchr                                           /usr/local/CrossPack-AVR-20100115/lib/gcc/avr/4.3.3/../../../../avr/lib/avr6/libc.a(strrchr.o)
                                                  ../../ArduinoCore/Release//libArduinoCore.a(WString.o)
strrev                                            /usr/local/CrossPack-AVR-20100115/lib/gcc/avr/4.3.3/../../../../avr/lib/avr6/libc.a(strrev.o)
                                                  /usr/local/CrossPack-AVR-20100115/lib/gcc/avr/4.3.3/../../../../avr/lib/avr6/libc.a(ultoa.o)
                                                  /usr/local/CrossPack-AVR-20100115/lib/gcc/avr/4.3.3/../../../../avr/lib/avr6/libc.a(ltoa.o)
                                                  /usr/local/CrossPack-AVR-20100115/lib/gcc/avr/4.3.3/../../../../avr/lib/avr6/libc.a(itoa.o)
strstr                                            /usr/local/CrossPack-AVR-20100115/lib/gcc/avr/4.3.3/../../../../avr/lib/avr6/libc.a(strstr.o)
                                                  ../../ArduinoCore/Release//libArduinoCore.a(WString.o)
timer0_millis                                     ../../ArduinoCore/Release//libArduinoCore.a(wiring.o)
timer0_overflow_count                             ../../ArduinoCore/Release//libArduinoCore.a(wiring.o)
tolower                                           /usr/local/CrossPack-AVR-20100115/lib/gcc/avr/4.3.3/../../../../avr/lib/avr6/libc.a(tolower.o)
                                                  ../../ArduinoCore/Release//libArduinoCore.a(WString.o)
toupper                                           /usr/local/CrossPack-AVR-20100115/lib/gcc/avr/4.3.3/../../../../avr/lib/avr6/libc.a(toupper.o)
                                                  ../../ArduinoCore/Release//libArduinoCore.a(WString.o)
ultoa                                             /usr/local/CrossPack-AVR-20100115/lib/gcc/avr/4.3.3/../../../../avr/lib/avr6/libc.a(ultoa.o)
                                                  ../../ArduinoCore/Release//libArduinoCore.a(WString.o)
vtable for HardwareSerial                         ../../ArduinoCore/Release//libArduinoCore.a(HardwareSerial.o)
vtable for Print                                  ../../ArduinoCore/Release//libArduinoCore.a(Print.o)
vtable for Stream                                 ../../ArduinoCore/Release//libArduinoCore.a(HardwareSerial.o)
