Archive member included because of file (symbol)

../../ArduinoCore/Release//libArduinoCore.a(wiring.o)
                              ./main.o (delay)
../../ArduinoCore/Release//libArduinoCore.a(wiring_digital.o)
                              ./main.o (pinMode)
../../ArduinoCore/Release//libArduinoCore.a(pins_arduino.o)
                              ../../ArduinoCore/Release//libArduinoCore.a(wiring_digital.o) (port_to_mode_PGM)
/usr/lib/gcc/avr/4.3.5/avr5/libgcc.a(_exit.o)
                              /usr/lib/gcc/avr/4.3.5/../../../avr/lib/avr5/crtm328p.o (exit)
/usr/lib/gcc/avr/4.3.5/avr5/libgcc.a(_clear_bss.o)
                              ../../ArduinoCore/Release//libArduinoCore.a(wiring.o) (__do_clear_bss)

Discarded input sections

 .data          0x00000000        0x0 /usr/lib/gcc/avr/4.3.5/../../../avr/lib/avr5/crtm328p.o
 .bss           0x00000000        0x0 /usr/lib/gcc/avr/4.3.5/../../../avr/lib/avr5/crtm328p.o
 .stab          0x00000000      0x6b4 /usr/lib/gcc/avr/4.3.5/../../../avr/lib/avr5/crtm328p.o
 .stabstr       0x00000000       0x64 /usr/lib/gcc/avr/4.3.5/../../../avr/lib/avr5/crtm328p.o
 .text          0x00000000        0x0 ./main.o
 .data          0x00000000        0x0 ./main.o
 .bss           0x00000000        0x0 ./main.o
 .stab          0x00000000      0x528 ./main.o
 .stabstr       0x00000000     0x185b ./main.o
 .text          0x00000000        0x0 ../../ArduinoCore/Release//libArduinoCore.a(wiring.o)
 .data          0x00000000        0x0 ../../ArduinoCore/Release//libArduinoCore.a(wiring.o)
 .bss           0x00000000        0x0 ../../ArduinoCore/Release//libArduinoCore.a(wiring.o)
 .stab          0x00000000      0x8e8 ../../ArduinoCore/Release//libArduinoCore.a(wiring.o)
 .stabstr       0x00000000      0xb6d ../../ArduinoCore/Release//libArduinoCore.a(wiring.o)
 .text.millis   0x00000000       0x1c ../../ArduinoCore/Release//libArduinoCore.a(wiring.o)
 .text.delayMicroseconds
                0x00000000       0x14 ../../ArduinoCore/Release//libArduinoCore.a(wiring.o)
 .text          0x00000000        0x0 ../../ArduinoCore/Release//libArduinoCore.a(wiring_digital.o)
 .data          0x00000000        0x0 ../../ArduinoCore/Release//libArduinoCore.a(wiring_digital.o)
 .bss           0x00000000        0x0 ../../ArduinoCore/Release//libArduinoCore.a(wiring_digital.o)
 .stab          0x00000000      0xa68 ../../ArduinoCore/Release//libArduinoCore.a(wiring_digital.o)
 .stabstr       0x00000000      0xe0a ../../ArduinoCore/Release//libArduinoCore.a(wiring_digital.o)
 .text.digitalRead
                0x00000000       0x60 ../../ArduinoCore/Release//libArduinoCore.a(wiring_digital.o)
 .text          0x00000000        0x0 ../../ArduinoCore/Release//libArduinoCore.a(pins_arduino.o)
 .data          0x00000000        0x0 ../../ArduinoCore/Release//libArduinoCore.a(pins_arduino.o)
 .bss           0x00000000        0x0 ../../ArduinoCore/Release//libArduinoCore.a(pins_arduino.o)
 .stab          0x00000000      0x540 ../../ArduinoCore/Release//libArduinoCore.a(pins_arduino.o)
 .stabstr       0x00000000      0xd57 ../../ArduinoCore/Release//libArduinoCore.a(pins_arduino.o)
 .text          0x00000000        0x0 /usr/lib/gcc/avr/4.3.5/avr5/libgcc.a(_exit.o)
 .data          0x00000000        0x0 /usr/lib/gcc/avr/4.3.5/avr5/libgcc.a(_exit.o)
 .bss           0x00000000        0x0 /usr/lib/gcc/avr/4.3.5/avr5/libgcc.a(_exit.o)
 .text.libgcc   0x00000000        0x0 /usr/lib/gcc/avr/4.3.5/avr5/libgcc.a(_exit.o)
 .text          0x00000000        0x0 /usr/lib/gcc/avr/4.3.5/avr5/libgcc.a(_clear_bss.o)
 .data          0x00000000        0x0 /usr/lib/gcc/avr/4.3.5/avr5/libgcc.a(_clear_bss.o)
 .bss           0x00000000        0x0 /usr/lib/gcc/avr/4.3.5/avr5/libgcc.a(_clear_bss.o)
 .text.libgcc   0x00000000        0x0 /usr/lib/gcc/avr/4.3.5/avr5/libgcc.a(_clear_bss.o)

Memory Configuration

Name             Origin             Length             Attributes
text             0x00000000         0x00020000         xr
data             0x00800060         0x0000ffa0         rw !x
eeprom           0x00810000         0x00010000         rw !x
fuse             0x00820000         0x00000400         rw !x
lock             0x00830000         0x00000400         rw !x
signature        0x00840000         0x00000400         rw !x
*default*        0x00000000         0xffffffff

Linker script and memory map

Address of section .data set to 0x800100
LOAD /usr/lib/gcc/avr/4.3.5/../../../avr/lib/avr5/crtm328p.o
LOAD ./main.o
LOAD ../../ArduinoCore/Release//libArduinoCore.a
LOAD /usr/lib/gcc/avr/4.3.5/avr5/libgcc.a
LOAD /usr/lib/gcc/avr/4.3.5/../../../avr/lib/avr5/libm.a
LOAD /usr/lib/gcc/avr/4.3.5/avr5/libgcc.a
LOAD /usr/lib/gcc/avr/4.3.5/../../../avr/lib/avr5/libc.a
LOAD /usr/lib/gcc/avr/4.3.5/avr5/libgcc.a

.hash
 *(.hash)

.dynsym
 *(.dynsym)

.dynstr
 *(.dynstr)

.gnu.version
 *(.gnu.version)

.gnu.version_d
 *(.gnu.version_d)

.gnu.version_r
 *(.gnu.version_r)

.rel.init
 *(.rel.init)

.rela.init
 *(.rela.init)

.rel.text
 *(.rel.text)
 *(.rel.text.*)
 *(.rel.gnu.linkonce.t*)

.rela.text
 *(.rela.text)
 *(.rela.text.*)
 *(.rela.gnu.linkonce.t*)

.rel.fini
 *(.rel.fini)

.rela.fini
 *(.rela.fini)

.rel.rodata
 *(.rel.rodata)
 *(.rel.rodata.*)
 *(.rel.gnu.linkonce.r*)

.rela.rodata
 *(.rela.rodata)
 *(.rela.rodata.*)
 *(.rela.gnu.linkonce.r*)

.rel.data
 *(.rel.data)
 *(.rel.data.*)
 *(.rel.gnu.linkonce.d*)

.rela.data
 *(.rela.data)
 *(.rela.data.*)
 *(.rela.gnu.linkonce.d*)

.rel.ctors
 *(.rel.ctors)

.rela.ctors
 *(.rela.ctors)

.rel.dtors
 *(.rel.dtors)

.rela.dtors
 *(.rela.dtors)

.rel.got
 *(.rel.got)

.rela.got
 *(.rela.got)

.rel.bss
 *(.rel.bss)

.rela.bss
 *(.rela.bss)

.rel.plt
 *(.rel.plt)

.rela.plt
 *(.rela.plt)

.text           0x00000000      0x3de
 *(.vectors)
 .vectors       0x00000000       0x68 /usr/lib/gcc/avr/4.3.5/../../../avr/lib/avr5/crtm328p.o
                0x00000000                __vectors
                0x00000000                __vector_default
 *(.vectors)
 *(.progmem.gcc*)
 *(.progmem*)
 .progmem.data  0x00000068       0x5a ../../ArduinoCore/Release//libArduinoCore.a(pins_arduino.o)
                0x00000068                port_to_mode_PGM
                0x00000072                port_to_output_PGM
                0x0000007c                port_to_input_PGM
                0x00000086                digital_pin_to_port_PGM
                0x0000009a                digital_pin_to_bit_mask_PGM
                0x000000ae                digital_pin_to_timer_PGM
                0x000000c2                . = ALIGN (0x2)
                0x000000c2                __trampolines_start = .
 *(.trampolines)
 .trampolines   0x000000c2        0x0 linker stubs
 *(.trampolines*)
                0x000000c2                __trampolines_end = .
 *(.jumptables)
 *(.jumptables*)
 *(.lowtext)
 *(.lowtext*)
                0x000000c2                __ctors_start = .
 *(.ctors)
                0x000000c2                __ctors_end = .
                0x000000c2                __dtors_start = .
 *(.dtors)
                0x000000c2                __dtors_end = .
 SORT(*)(.ctors)
 SORT(*)(.dtors)
 *(.init0)
 .init0         0x000000c2        0x0 /usr/lib/gcc/avr/4.3.5/../../../avr/lib/avr5/crtm328p.o
                0x000000c2                __init
 *(.init0)
 *(.init1)
 *(.init1)
 *(.init2)
 .init2         0x000000c2        0xc /usr/lib/gcc/avr/4.3.5/../../../avr/lib/avr5/crtm328p.o
 *(.init2)
 *(.init3)
 *(.init3)
 *(.init4)
 .init4         0x000000ce       0x10 /usr/lib/gcc/avr/4.3.5/avr5/libgcc.a(_clear_bss.o)
                0x000000ce                __do_clear_bss
 *(.init4)
 *(.init5)
 *(.init5)
 *(.init6)
 *(.init6)
 *(.init7)
 *(.init7)
 *(.init8)
 *(.init8)
 *(.init9)
 .init9         0x000000de        0x8 /usr/lib/gcc/avr/4.3.5/../../../avr/lib/avr5/crtm328p.o
 *(.init9)
 *(.text)
 .text          0x000000e6        0x4 /usr/lib/gcc/avr/4.3.5/../../../avr/lib/avr5/crtm328p.o
                0x000000e6                __vector_22
                0x000000e6                __vector_1
                0x000000e6                __vector_24
                0x000000e6                __vector_12
                0x000000e6                __bad_interrupt
                0x000000e6                __vector_6
                0x000000e6                __vector_3
                0x000000e6                __vector_23
                0x000000e6                __vector_25
                0x000000e6                __vector_11
                0x000000e6                __vector_13
                0x000000e6                __vector_17
                0x000000e6                __vector_19
                0x000000e6                __vector_7
                0x000000e6                __vector_5
                0x000000e6                __vector_4
                0x000000e6                __vector_9
                0x000000e6                __vector_2
                0x000000e6                __vector_21
                0x000000e6                __vector_15
                0x000000e6                __vector_8
                0x000000e6                __vector_14
                0x000000e6                __vector_10
                0x000000e6                __vector_18
                0x000000e6                __vector_20
                0x000000ea                . = ALIGN (0x2)
 *(.text.*)
 .text.loop     0x000000ea       0x2a ./main.o
                0x000000ea                loop
 .text.setup    0x00000114        0xa ./main.o
                0x00000114                setup
 .text.main     0x0000011e        0xe ./main.o
                0x0000011e                main
 .text.__vector_16
                0x0000012c       0x90 ../../ArduinoCore/Release//libArduinoCore.a(wiring.o)
                0x0000012c                __vector_16
 .text.micros   0x000001bc       0x4c ../../ArduinoCore/Release//libArduinoCore.a(wiring.o)
                0x000001bc                micros
 .text.delay    0x00000208       0x4c ../../ArduinoCore/Release//libArduinoCore.a(wiring.o)
                0x00000208                delay
 .text.init     0x00000254       0x76 ../../ArduinoCore/Release//libArduinoCore.a(wiring.o)
                0x00000254                init
 .text.pinMode  0x000002ca       0x4c ../../ArduinoCore/Release//libArduinoCore.a(wiring_digital.o)
                0x000002ca                pinMode
 .text.turnOffPWM
                0x00000316       0x5a ../../ArduinoCore/Release//libArduinoCore.a(wiring_digital.o)
 .text.digitalWrite
                0x00000370       0x6a ../../ArduinoCore/Release//libArduinoCore.a(wiring_digital.o)
                0x00000370                digitalWrite
                0x000003da                . = ALIGN (0x2)
 *(.fini9)
 .fini9         0x000003da        0x0 /usr/lib/gcc/avr/4.3.5/avr5/libgcc.a(_exit.o)
                0x000003da                exit
                0x000003da                _exit
 *(.fini9)
 *(.fini8)
 *(.fini8)
 *(.fini7)
 *(.fini7)
 *(.fini6)
 *(.fini6)
 *(.fini5)
 *(.fini5)
 *(.fini4)
 *(.fini4)
 *(.fini3)
 *(.fini3)
 *(.fini2)
 *(.fini2)
 *(.fini1)
 *(.fini1)
 *(.fini0)
 .fini0         0x000003da        0x4 /usr/lib/gcc/avr/4.3.5/avr5/libgcc.a(_exit.o)
 *(.fini0)
                0x000003de                _etext = .

.data           0x00800100        0x0 load address 0x000003de
                0x00800100                PROVIDE (__data_start, .)
 *(.data)
 *(.data*)
 *(.rodata)
 *(.rodata*)
 *(.gnu.linkonce.d*)
                0x00800100                . = ALIGN (0x2)
                0x00800100                _edata = .
                0x00800100                PROVIDE (__data_end, .)

.bss            0x00800100        0x9
                0x00800100                PROVIDE (__bss_start, .)
 *(.bss)
 *(.bss*)
 .bss.timer0_overflow_count
                0x00800100        0x4 ../../ArduinoCore/Release//libArduinoCore.a(wiring.o)
                0x00800100                timer0_overflow_count
 .bss.timer0_millis
                0x00800104        0x4 ../../ArduinoCore/Release//libArduinoCore.a(wiring.o)
                0x00800104                timer0_millis
 .bss.timer0_fract
                0x00800108        0x1 ../../ArduinoCore/Release//libArduinoCore.a(wiring.o)
 *(COMMON)
                0x00800109                PROVIDE (__bss_end, .)
                0x000003de                __data_load_start = LOADADDR (.data)
                0x000003de                __data_load_end = (__data_load_start + SIZEOF (.data))

.noinit         0x00800109        0x0
                0x00800109                PROVIDE (__noinit_start, .)
 *(.noinit*)
                0x00800109                PROVIDE (__noinit_end, .)
                0x00800109                _end = .
                0x00800109                PROVIDE (__heap_start, .)

.eeprom         0x00810000        0x0
 *(.eeprom*)
                0x00810000                __eeprom_end = .

.fuse
 *(.fuse)
 *(.lfuse)
 *(.hfuse)
 *(.efuse)

.lock
 *(.lock*)

.signature
 *(.signature*)

.stab
 *(.stab)

.stabstr
 *(.stabstr)

.stab.excl
 *(.stab.excl)

.stab.exclstr
 *(.stab.exclstr)

.stab.index
 *(.stab.index)

.stab.indexstr
 *(.stab.indexstr)

.comment
 *(.comment)

.debug
 *(.debug)

.line
 *(.line)

.debug_srcinfo
 *(.debug_srcinfo)

.debug_sfnames
 *(.debug_sfnames)

.debug_aranges
 *(.debug_aranges)

.debug_pubnames
 *(.debug_pubnames)

.debug_info
 *(.debug_info)
 *(.gnu.linkonce.wi.*)

.debug_abbrev
 *(.debug_abbrev)

.debug_line
 *(.debug_line)

.debug_frame
 *(.debug_frame)

.debug_str
 *(.debug_str)

.debug_loc
 *(.debug_loc)

.debug_macinfo
 *(.debug_macinfo)
OUTPUT(Blink.elf elf32-avr)
LOAD linker stubs

Cross Reference Table

Symbol                                            File
__bad_interrupt                                   /usr/lib/gcc/avr/4.3.5/../../../avr/lib/avr5/crtm328p.o
__bss_end                                         /usr/lib/gcc/avr/4.3.5/avr5/libgcc.a(_clear_bss.o)
__bss_start                                       /usr/lib/gcc/avr/4.3.5/avr5/libgcc.a(_clear_bss.o)
__do_clear_bss                                    /usr/lib/gcc/avr/4.3.5/avr5/libgcc.a(_clear_bss.o)
                                                  ../../ArduinoCore/Release//libArduinoCore.a(wiring.o)
__heap_end                                        /usr/lib/gcc/avr/4.3.5/../../../avr/lib/avr5/crtm328p.o
__init                                            /usr/lib/gcc/avr/4.3.5/../../../avr/lib/avr5/crtm328p.o
__stack                                           /usr/lib/gcc/avr/4.3.5/../../../avr/lib/avr5/crtm328p.o
__vector_1                                        /usr/lib/gcc/avr/4.3.5/../../../avr/lib/avr5/crtm328p.o
__vector_10                                       /usr/lib/gcc/avr/4.3.5/../../../avr/lib/avr5/crtm328p.o
__vector_11                                       /usr/lib/gcc/avr/4.3.5/../../../avr/lib/avr5/crtm328p.o
__vector_12                                       /usr/lib/gcc/avr/4.3.5/../../../avr/lib/avr5/crtm328p.o
__vector_13                                       /usr/lib/gcc/avr/4.3.5/../../../avr/lib/avr5/crtm328p.o
__vector_14                                       /usr/lib/gcc/avr/4.3.5/../../../avr/lib/avr5/crtm328p.o
__vector_15                                       /usr/lib/gcc/avr/4.3.5/../../../avr/lib/avr5/crtm328p.o
__vector_16                                       ../../ArduinoCore/Release//libArduinoCore.a(wiring.o)
                                                  /usr/lib/gcc/avr/4.3.5/../../../avr/lib/avr5/crtm328p.o
__vector_17                                       /usr/lib/gcc/avr/4.3.5/../../../avr/lib/avr5/crtm328p.o
__vector_18                                       /usr/lib/gcc/avr/4.3.5/../../../avr/lib/avr5/crtm328p.o
__vector_19                                       /usr/lib/gcc/avr/4.3.5/../../../avr/lib/avr5/crtm328p.o
__vector_2                                        /usr/lib/gcc/avr/4.3.5/../../../avr/lib/avr5/crtm328p.o
__vector_20                                       /usr/lib/gcc/avr/4.3.5/../../../avr/lib/avr5/crtm328p.o
__vector_21                                       /usr/lib/gcc/avr/4.3.5/../../../avr/lib/avr5/crtm328p.o
__vector_22                                       /usr/lib/gcc/avr/4.3.5/../../../avr/lib/avr5/crtm328p.o
__vector_23                                       /usr/lib/gcc/avr/4.3.5/../../../avr/lib/avr5/crtm328p.o
__vector_24                                       /usr/lib/gcc/avr/4.3.5/../../../avr/lib/avr5/crtm328p.o
__vector_25                                       /usr/lib/gcc/avr/4.3.5/../../../avr/lib/avr5/crtm328p.o
__vector_3                                        /usr/lib/gcc/avr/4.3.5/../../../avr/lib/avr5/crtm328p.o
__vector_4                                        /usr/lib/gcc/avr/4.3.5/../../../avr/lib/avr5/crtm328p.o
__vector_5                                        /usr/lib/gcc/avr/4.3.5/../../../avr/lib/avr5/crtm328p.o
__vector_6                                        /usr/lib/gcc/avr/4.3.5/../../../avr/lib/avr5/crtm328p.o
__vector_7                                        /usr/lib/gcc/avr/4.3.5/../../../avr/lib/avr5/crtm328p.o
__vector_8                                        /usr/lib/gcc/avr/4.3.5/../../../avr/lib/avr5/crtm328p.o
__vector_9                                        /usr/lib/gcc/avr/4.3.5/../../../avr/lib/avr5/crtm328p.o
__vector_default                                  /usr/lib/gcc/avr/4.3.5/../../../avr/lib/avr5/crtm328p.o
__vectors                                         /usr/lib/gcc/avr/4.3.5/../../../avr/lib/avr5/crtm328p.o
_exit                                             /usr/lib/gcc/avr/4.3.5/avr5/libgcc.a(_exit.o)
delay                                             ../../ArduinoCore/Release//libArduinoCore.a(wiring.o)
                                                  ./main.o
delayMicroseconds                                 ../../ArduinoCore/Release//libArduinoCore.a(wiring.o)
digitalRead                                       ../../ArduinoCore/Release//libArduinoCore.a(wiring_digital.o)
digitalWrite                                      ../../ArduinoCore/Release//libArduinoCore.a(wiring_digital.o)
                                                  ./main.o
digital_pin_to_bit_mask_PGM                       ../../ArduinoCore/Release//libArduinoCore.a(pins_arduino.o)
                                                  ../../ArduinoCore/Release//libArduinoCore.a(wiring_digital.o)
digital_pin_to_port_PGM                           ../../ArduinoCore/Release//libArduinoCore.a(pins_arduino.o)
                                                  ../../ArduinoCore/Release//libArduinoCore.a(wiring_digital.o)
digital_pin_to_timer_PGM                          ../../ArduinoCore/Release//libArduinoCore.a(pins_arduino.o)
                                                  ../../ArduinoCore/Release//libArduinoCore.a(wiring_digital.o)
exit                                              /usr/lib/gcc/avr/4.3.5/avr5/libgcc.a(_exit.o)
                                                  /usr/lib/gcc/avr/4.3.5/../../../avr/lib/avr5/crtm328p.o
init                                              ../../ArduinoCore/Release//libArduinoCore.a(wiring.o)
                                                  ./main.o
loop                                              ./main.o
main                                              ./main.o
                                                  /usr/lib/gcc/avr/4.3.5/../../../avr/lib/avr5/crtm328p.o
micros                                            ../../ArduinoCore/Release//libArduinoCore.a(wiring.o)
millis                                            ../../ArduinoCore/Release//libArduinoCore.a(wiring.o)
pinMode                                           ../../ArduinoCore/Release//libArduinoCore.a(wiring_digital.o)
                                                  ./main.o
port_to_input_PGM                                 ../../ArduinoCore/Release//libArduinoCore.a(pins_arduino.o)
                                                  ../../ArduinoCore/Release//libArduinoCore.a(wiring_digital.o)
port_to_mode_PGM                                  ../../ArduinoCore/Release//libArduinoCore.a(pins_arduino.o)
                                                  ../../ArduinoCore/Release//libArduinoCore.a(wiring_digital.o)
port_to_output_PGM                                ../../ArduinoCore/Release//libArduinoCore.a(pins_arduino.o)
                                                  ../../ArduinoCore/Release//libArduinoCore.a(wiring_digital.o)
setup                                             ./main.o
timer0_millis                                     ../../ArduinoCore/Release//libArduinoCore.a(wiring.o)
timer0_overflow_count                             ../../ArduinoCore/Release//libArduinoCore.a(wiring.o)
